Archive member included because of file (symbol)

c:/program files (x86)/atmel/atmel toolchain/arm gcc/native/4.8.1443/arm-gnu-toolchain/bin/../lib/gcc/arm-none-eabi/4.8.4/../../../../arm-none-eabi/lib/armv7-m\libc.a(lib_a-exit.o)
                              c:/program files (x86)/atmel/atmel toolchain/arm gcc/native/4.8.1443/arm-gnu-toolchain/bin/../lib/gcc/arm-none-eabi/4.8.4/../../../../arm-none-eabi/lib/armv7-m/crt0.o (exit)
c:/program files (x86)/atmel/atmel toolchain/arm gcc/native/4.8.1443/arm-gnu-toolchain/bin/../lib/gcc/arm-none-eabi/4.8.4/../../../../arm-none-eabi/lib/armv7-m\libc.a(lib_a-impure.o)
                              c:/program files (x86)/atmel/atmel toolchain/arm gcc/native/4.8.1443/arm-gnu-toolchain/bin/../lib/gcc/arm-none-eabi/4.8.4/../../../../arm-none-eabi/lib/armv7-m\libc.a(lib_a-exit.o) (_global_impure_ptr)
c:/program files (x86)/atmel/atmel toolchain/arm gcc/native/4.8.1443/arm-gnu-toolchain/bin/../lib/gcc/arm-none-eabi/4.8.4/../../../../arm-none-eabi/lib/armv7-m\libc.a(lib_a-init.o)
                              c:/program files (x86)/atmel/atmel toolchain/arm gcc/native/4.8.1443/arm-gnu-toolchain/bin/../lib/gcc/arm-none-eabi/4.8.4/../../../../arm-none-eabi/lib/armv7-m/crt0.o (__libc_init_array)
c:/program files (x86)/atmel/atmel toolchain/arm gcc/native/4.8.1443/arm-gnu-toolchain/bin/../lib/gcc/arm-none-eabi/4.8.4/../../../../arm-none-eabi/lib/armv7-m\libc.a(lib_a-iprintf.o)
                              src/TaskLED.o (iprintf)
c:/program files (x86)/atmel/atmel toolchain/arm gcc/native/4.8.1443/arm-gnu-toolchain/bin/../lib/gcc/arm-none-eabi/4.8.4/../../../../arm-none-eabi/lib/armv7-m\libc.a(lib_a-memcpy.o)
                              src/ASF/thirdparty/freertos/freertos-7.3.0/source/queue.o (memcpy)
c:/program files (x86)/atmel/atmel toolchain/arm gcc/native/4.8.1443/arm-gnu-toolchain/bin/../lib/gcc/arm-none-eabi/4.8.4/../../../../arm-none-eabi/lib/armv7-m\libc.a(lib_a-memset.o)
                              c:/program files (x86)/atmel/atmel toolchain/arm gcc/native/4.8.1443/arm-gnu-toolchain/bin/../lib/gcc/arm-none-eabi/4.8.4/../../../../arm-none-eabi/lib/armv7-m/crt0.o (memset)
c:/program files (x86)/atmel/atmel toolchain/arm gcc/native/4.8.1443/arm-gnu-toolchain/bin/../lib/gcc/arm-none-eabi/4.8.4/../../../../arm-none-eabi/lib/armv7-m\libc.a(lib_a-setbuf.o)
                              src/consoleFunctions.o (setbuf)
c:/program files (x86)/atmel/atmel toolchain/arm gcc/native/4.8.1443/arm-gnu-toolchain/bin/../lib/gcc/arm-none-eabi/4.8.4/../../../../arm-none-eabi/lib/armv7-m\libc.a(lib_a-setvbuf.o)
                              c:/program files (x86)/atmel/atmel toolchain/arm gcc/native/4.8.1443/arm-gnu-toolchain/bin/../lib/gcc/arm-none-eabi/4.8.4/../../../../arm-none-eabi/lib/armv7-m\libc.a(lib_a-setbuf.o) (setvbuf)
c:/program files (x86)/atmel/atmel toolchain/arm gcc/native/4.8.1443/arm-gnu-toolchain/bin/../lib/gcc/arm-none-eabi/4.8.4/../../../../arm-none-eabi/lib/armv7-m\libc.a(lib_a-sprintf.o)
                              src/ASF/thirdparty/freertos/freertos-7.3.0/source/tasks.o (sprintf)
c:/program files (x86)/atmel/atmel toolchain/arm gcc/native/4.8.1443/arm-gnu-toolchain/bin/../lib/gcc/arm-none-eabi/4.8.4/../../../../arm-none-eabi/lib/armv7-m\libc.a(lib_a-strcat.o)
                              src/ASF/thirdparty/freertos/freertos-7.3.0/source/tasks.o (strcat)
c:/program files (x86)/atmel/atmel toolchain/arm gcc/native/4.8.1443/arm-gnu-toolchain/bin/../lib/gcc/arm-none-eabi/4.8.4/../../../../arm-none-eabi/lib/armv7-m\libc.a(lib_a-strcpy.o)
                              c:/program files (x86)/atmel/atmel toolchain/arm gcc/native/4.8.1443/arm-gnu-toolchain/bin/../lib/gcc/arm-none-eabi/4.8.4/../../../../arm-none-eabi/lib/armv7-m\libc.a(lib_a-strcat.o) (strcpy)
c:/program files (x86)/atmel/atmel toolchain/arm gcc/native/4.8.1443/arm-gnu-toolchain/bin/../lib/gcc/arm-none-eabi/4.8.4/../../../../arm-none-eabi/lib/armv7-m\libc.a(lib_a-strlen.o)
                              src/ASF/thirdparty/freertos/freertos-7.3.0/source/FreeRTOS_CLI.o (strlen)
c:/program files (x86)/atmel/atmel toolchain/arm gcc/native/4.8.1443/arm-gnu-toolchain/bin/../lib/gcc/arm-none-eabi/4.8.4/../../../../arm-none-eabi/lib/armv7-m\libc.a(lib_a-strncmp.o)
                              src/ASF/thirdparty/freertos/freertos-7.3.0/source/FreeRTOS_CLI.o (strncmp)
c:/program files (x86)/atmel/atmel toolchain/arm gcc/native/4.8.1443/arm-gnu-toolchain/bin/../lib/gcc/arm-none-eabi/4.8.4/../../../../arm-none-eabi/lib/armv7-m\libc.a(lib_a-strncpy.o)
                              src/ASF/thirdparty/freertos/freertos-7.3.0/source/FreeRTOS_CLI.o (strncpy)
c:/program files (x86)/atmel/atmel toolchain/arm gcc/native/4.8.1443/arm-gnu-toolchain/bin/../lib/gcc/arm-none-eabi/4.8.4/../../../../arm-none-eabi/lib/armv7-m\libc.a(lib_a-svfprintf.o)
[...]
Memory Configuration

Name             Origin             Length             Attributes
rom              0x00080000         0x00080000         xr
sram0            0x20000000         0x00010000         xrw
sram1            0x20080000         0x00008000         xrw
ram              0x20070000         0x00018000         xrw
*default*        0x00000000         0xffffffff

Linker script and memory map

LOAD c:/program files (x86)/atmel/atmel toolchain/arm gcc/native/4.8.1443/arm-gnu-toolchain/bin/../lib/gcc/arm-none-eabi/4.8.4/armv7-m/crti.o
LOAD c:/program files (x86)/atmel/atmel toolchain/arm gcc/native/4.8.1443/arm-gnu-toolchain/bin/../lib/gcc/arm-none-eabi/4.8.4/armv7-m/crtbegin.o
LOAD c:/program files (x86)/atmel/atmel toolchain/arm gcc/native/4.8.1443/arm-gnu-toolchain/bin/../lib/gcc/arm-none-eabi/4.8.4/../../../../arm-none-eabi/lib/armv7-m/crt0.o
LOAD src/ASF/thirdparty/freertos/freertos-7.3.0/source/FreeRTOS_CLI.o
LOAD src/consoleFunctions.o
LOAD src/TaskLED.o
LOAD src/ASF/thirdparty/freertos/freertos-7.3.0/source/list.o
LOAD src/ASF/thirdparty/freertos/freertos-7.3.0/source/portable/gcc/sam/port.o
LOAD src/ASF/thirdparty/freertos/freertos-7.3.0/source/portable/memmang/heap_4.o
LOAD src/ASF/thirdparty/freertos/freertos-7.3.0/source/queue.o
LOAD src/ASF/thirdparty/freertos/freertos-7.3.0/source/tasks.o
LOAD src/ASF/thirdparty/freertos/freertos-7.3.0/source/timers.o
LOAD src/ASF/thirdparty/wireless/addons/sio2host/uart/sio2host.o
LOAD src/ASF/common/services/delay/sam/cycle_counter.o
LOAD src/ASF/common/utils/stdio/read.o
LOAD src/ASF/sam/drivers/usart/usart.o
LOAD src/ASF/common/utils/stdio/write.o
LOAD src/ASF/common/services/serial/usart_serial.o
LOAD src/ASF/sam/drivers/uart/uart.o
LOAD src/ASF/common/services/clock/sam3x/sysclk.o
LOAD src/ASF/common/utils/interrupt/interrupt_sam_nvic.o
LOAD src/ASF/sam/boards/arduino_due_x/init.o
LOAD src/ASF/sam/drivers/pio/pio.o
LOAD src/ASF/sam/drivers/pio/pio_handler.o
LOAD src/ASF/sam/drivers/pmc/pmc.o
LOAD src/ASF/sam/drivers/pmc/sleep.o
LOAD src/ASF/sam/utils/cmsis/sam3x/source/templates/exceptions.o
LOAD src/ASF/sam/utils/cmsis/sam3x/source/templates/gcc/startup_sam3x.o
LOAD src/ASF/sam/utils/cmsis/sam3x/source/templates/system_sam3x.o
LOAD src/ASF/sam/utils/syscalls/gcc/syscalls.o
LOAD src/main.o
START GROUP
LOAD ../src/ASF/thirdparty/CMSIS/Lib/GCC\libarm_cortexM3l_math.a
LOAD c:/program files (x86)/atmel/atmel toolchain/arm gcc/native/4.8.1443/arm-gnu-toolchain/bin/../lib/gcc/arm-none-eabi/4.8.4/../../../../arm-none-eabi/lib/armv7-m\libm.a
END GROUP
START GROUP
LOAD c:/program files (x86)/atmel/atmel toolchain/arm gcc/native/4.8.1443/arm-gnu-toolchain/bin/../lib/gcc/arm-none-eabi/4.8.4/armv7-m\libgcc.a
LOAD c:/program files (x86)/atmel/atmel toolchain/arm gcc/native/4.8.1443/arm-gnu-toolchain/bin/../lib/gcc/arm-none-eabi/4.8.4/../../../../arm-none-eabi/lib/armv7-m\libc.a
END GROUP
LOAD c:/program files (x86)/atmel/atmel toolchain/arm gcc/native/4.8.1443/arm-gnu-toolchain/bin/../lib/gcc/arm-none-eabi/4.8.4/armv7-m/crtend.o
LOAD c:/program files (x86)/atmel/atmel toolchain/arm gcc/native/4.8.1443/arm-gnu-toolchain/bin/../lib/gcc/arm-none-eabi/4.8.4/armv7-m/crtn.o
                0x00002000                __stack_size__ = DEFINED (__stack_size__)?__stack_size__:0x2000
                0x20087ffc                __ram_end__ = ((ORIGIN (ram) + 0x18000) - 0x4)

.text           0x00080000     0x5470
                0x00080000                . = ALIGN (0x4)
                0x00080000                _sfixed = .
 *(.vectors .vectors.*)
 .vectors       0x00080000       0xf4 src/ASF/sam/utils/cmsis/sam3x/source/templates/gcc/startup_sam3x.o
                0x00080000                exception_table
 *(.text .text.* .gnu.linkonce.t.*)
 .text          0x000800f4       0x54 c:/program files (x86)/atmel/atmel toolchain/arm gcc/native/4.8.1443/arm-gnu-toolchain/bin/../lib/gcc/arm-none-eabi/4.8.4/armv7-m/crtbegin.o
 .text.usart_serial_getchar
                0x00080148       0xa8 src/consoleFunctions.o
 .text.usart_serial_putchar
                0x000801f0       0xa8 src/consoleFunctions.o
 .text.configure_console
                0x00080298       0x80 src/consoleFunctions.o
                0x00080298                configure_console
 .text.task_led
                0x00080318       0x3c src/TaskLED.o
                0x00080318                task_led
 .text.vListInitialise
                0x00080354       0x18 src/ASF/thirdparty/freertos/freertos-7.3.0/source/list.o
                0x00080354                vListInitialise
 .text.vListInitialiseItem
                0x0008036c        0x8 src/ASF/thirdparty/freertos/freertos-7.3.0/source/list.o
                0x0008036c                vListInitialiseItem
 .text.vListInsertEnd
                0x00080374       0x1c src/ASF/thirdparty/freertos/freertos-7.3.0/source/list.o
                0x00080374                vListInsertEnd
 .text.vListInsert
                0x00080390       0x44 src/ASF/thirdparty/freertos/freertos-7.3.0/source/list.o
                0x00080390                vListInsert
 .text.uxListRemove
                0x000803d4       0x28 src/ASF/thirdparty/freertos/freertos-7.3.0/source/list.o
                0x000803d4                uxListRemove
 .text.prvPortStartFirstTask
                0x000803fc       0x14 src/ASF/thirdparty/freertos/freertos-7.3.0/source/portable/gcc/sam/port.o
 .text.pxPortInitialiseStack
                0x00080410       0x1c src/ASF/thirdparty/freertos/freertos-7.3.0/source/portable/gcc/sam/port.o
                0x00080410                pxPortInitialiseStack
 .text.SVC_Handler
                0x0008042c       0x20 src/ASF/thirdparty/freertos/freertos-7.3.0/source/portable/gcc/sam/port.o
                0x0008042c                SVC_Handler
 .text.vPortYieldFromISR
                0x0008044c       0x10 src/ASF/thirdparty/freertos/freertos-7.3.0/source/portable/gcc/sam/port.o
                0x0008044c                vPortYieldFromISR
 .text.ulPortSetInterruptMask
                0x0008045c       0x10 src/ASF/thirdparty/freertos/freertos-7.3.0/source/portable/gcc/sam/port.o
                0x0008045c                ulPortSetInterruptMask
 .text.vPortEnterCritical
                0x0008046c       0x18 src/ASF/thirdparty/freertos/freertos-7.3.0/source/portable/gcc/sam/port.o
                0x0008046c                vPortEnterCritical
 .text.vPortClearInterruptMask
                0x00080484        0x8 src/ASF/thirdparty/freertos/freertos-7.3.0/source/portable/gcc/sam/port.o
                0x00080484                vPortClearInterruptMask
 .text.vPortExitCritical
                0x0008048c       0x1c src/ASF/thirdparty/freertos/freertos-7.3.0/source/portable/gcc/sam/port.o
                0x0008048c                vPortExitCritical
 .text.PendSV_Handler
                0x000804a8       0x3c src/ASF/thirdparty/freertos/freertos-7.3.0/source/portable/gcc/sam/port.o
                0x000804a8                PendSV_Handler
 .text.SysTick_Handler
                0x000804e4       0x2c src/ASF/thirdparty/freertos/freertos-7.3.0/source/portable/gcc/sam/port.o
                0x000804e4                SysTick_Handler
 .text.vPortSetupTimerInterrupt
                0x00080510       0x18 src/ASF/thirdparty/freertos/freertos-7.3.0/source/portable/gcc/sam/port.o
                0x00080510                vPortSetupTimerInterrupt
 .text.xPortStartScheduler
                0x00080528       0x38 src/ASF/thirdparty/freertos/freertos-7.3.0/source/portable/gcc/sam/port.o
                0x00080528                xPortStartScheduler
 .text.prvInsertBlockIntoFreeList
                0x00080560       0x58 src/ASF/thirdparty/freertos/freertos-7.3.0/source/portable/memmang/heap_4.o
 .text.pvPortMalloc
                0x000805b8       0xc4 src/ASF/thirdparty/freertos/freertos-7.3.0/source/portable/memmang/heap_4.o
                0x000805b8                pvPortMalloc
 .text.vPortFree
                0x0008067c       0x34 src/ASF/thirdparty/freertos/freertos-7.3.0/source/portable/memmang/heap_4.o
                0x0008067c                vPortFree
 .text.prvCopyDataToQueue
                0x000806b0       0x64 src/ASF/thirdparty/freertos/freertos-7.3.0/source/queue.o
 .text.prvCopyDataFromQueue
                0x00080714       0x28 src/ASF/thirdparty/freertos/freertos-7.3.0/source/queue.o
 .text.prvUnlockQueue
                0x0008073c       0x8c src/ASF/thirdparty/freertos/freertos-7.3.0/source/queue.o
 .text.xQueueGenericReset
                0x000807c8       0x7c src/ASF/thirdparty/freertos/freertos-7.3.0/source/queue.o
                0x000807c8                xQueueGenericReset
 .text.xQueueGenericCreate
                0x00080844       0x58 src/ASF/thirdparty/freertos/freertos-7.3.0/source/queue.o
                0x00080844                xQueueGenericCreate
 .text.xQueueGenericSend
                0x0008089c      0x124 src/ASF/thirdparty/freertos/freertos-7.3.0/source/queue.o
                0x0008089c                xQueueGenericSend
 .text.xQueueGenericSendFromISR
                0x000809c0       0x90 src/ASF/thirdparty/freertos/freertos-7.3.0/source/queue.o
                0x000809c0                xQueueGenericSendFromISR
 .text.xQueueGenericReceive
                0x00080a50      0x164 src/ASF/thirdparty/freertos/freertos-7.3.0/source/queue.o
                0x00080a50                xQueueGenericReceive
 .text.vQueueWaitForMessageRestricted
                0x00080bb4       0x4c src/ASF/thirdparty/freertos/freertos-7.3.0/source/queue.o
                0x00080bb4                vQueueWaitForMessageRestricted
 .text.prvAddCurrentTaskToDelayedList
                0x00080c00       0x5c src/ASF/thirdparty/freertos/freertos-7.3.0/source/tasks.o
 .text.xTaskGenericCreate
                0x00080c5c      0x208 src/ASF/thirdparty/freertos/freertos-7.3.0/source/tasks.o
                0x00080c5c                xTaskGenericCreate
 .text.vTaskStartScheduler
                0x00080e64       0x6c src/ASF/thirdparty/freertos/freertos-7.3.0/source/tasks.o
                0x00080e64                vTaskStartScheduler
 .text.vTaskSuspendAll
                0x00080ed0       0x10 src/ASF/thirdparty/freertos/freertos-7.3.0/source/tasks.o
                0x00080ed0                vTaskSuspendAll
 .text.xTaskGetTickCount
                0x00080ee0       0x20 src/ASF/thirdparty/freertos/freertos-7.3.0/source/tasks.o
                0x00080ee0                xTaskGetTickCount
 .text.vTaskIncrementTick
                0x00080f00      0x12c src/ASF/thirdparty/freertos/freertos-7.3.0/source/tasks.o
                0x00080f00                vTaskIncrementTick
 .text.xTaskResumeAll
                0x0008102c      0x108 src/ASF/thirdparty/freertos/freertos-7.3.0/source/tasks.o
                0x0008102c                xTaskResumeAll
 .text.vTaskDelayUntil
                0x00081134       0x98 src/ASF/thirdparty/freertos/freertos-7.3.0/source/tasks.o
                0x00081134                vTaskDelayUntil
 .text.prvIdleTask
                0x000811cc       0x84 src/ASF/thirdparty/freertos/freertos-7.3.0/source/tasks.o
 .text.vTaskSwitchContext
                0x00081250       0x90 src/ASF/thirdparty/freertos/freertos-7.3.0/source/tasks.o
                0x00081250                vTaskSwitchContext
 .text.vTaskPlaceOnEventList
                0x000812e0       0x64 src/ASF/thirdparty/freertos/freertos-7.3.0/source/tasks.o
                0x000812e0                vTaskPlaceOnEventList
 .text.vTaskPlaceOnEventListRestricted
                0x00081344       0x48 src/ASF/thirdparty/freertos/freertos-7.3.0/source/tasks.o
                0x00081344                vTaskPlaceOnEventListRestricted
 .text.xTaskRemoveFromEventList
                0x0008138c       0x84 src/ASF/thirdparty/freertos/freertos-7.3.0/source/tasks.o
                0x0008138c                xTaskRemoveFromEventList
 .text.vTaskSetTimeOutState
                0x00081410       0x28 src/ASF/thirdparty/freertos/freertos-7.3.0/source/tasks.o
                0x00081410                vTaskSetTimeOutState
 .text.xTaskCheckForTimeOut
                0x00081438       0x8c src/ASF/thirdparty/freertos/freertos-7.3.0/source/tasks.o
                0x00081438                xTaskCheckForTimeOut
 .text.vTaskMissedYield
                0x000814c4        0xc src/ASF/thirdparty/freertos/freertos-7.3.0/source/tasks.o
                0x000814c4                vTaskMissedYield
 .text.xTaskGetCurrentTaskHandle
                0x000814d0        0xc src/ASF/thirdparty/freertos/freertos-7.3.0/source/tasks.o
                0x000814d0                xTaskGetCurrentTaskHandle
 .text.xTaskGetSchedulerState
                0x000814dc       0x20 src/ASF/thirdparty/freertos/freertos-7.3.0/source/tasks.o
                0x000814dc                xTaskGetSchedulerState
 .text.vTaskPriorityInherit
                0x000814fc       0x7c src/ASF/thirdparty/freertos/freertos-7.3.0/source/tasks.o
                0x000814fc                vTaskPriorityInherit
 .text.vTaskPriorityDisinherit
                0x00081578       0x50 src/ASF/thirdparty/freertos/freertos-7.3.0/source/tasks.o
                0x00081578                vTaskPriorityDisinherit
 .text.prvInsertTimerInActiveList
                0x000815c8       0x50 src/ASF/thirdparty/freertos/freertos-7.3.0/source/timers.o
 .text.prvCheckForValidListAndQueue
                0x00081618       0x5c src/ASF/thirdparty/freertos/freertos-7.3.0/source/timers.o
 .text.xTimerCreateTimerTask
                0x00081674       0x4c src/ASF/thirdparty/freertos/freertos-7.3.0/source/timers.o
                0x00081674                xTimerCreateTimerTask
 .text.xTimerGenericCommand
                0x000816c0       0x58 src/ASF/thirdparty/freertos/freertos-7.3.0/source/timers.o
                0x000816c0                xTimerGenericCommand
 .text.prvSampleTimeNow
                0x00081718       0xbc src/ASF/thirdparty/freertos/freertos-7.3.0/source/timers.o
 .text.prvTimerTask
                0x000817d4      0x180 src/ASF/thirdparty/freertos/freertos-7.3.0/source/timers.o
 .text.USART0_Handler
                0x00081954       0x60 src/ASF/thirdparty/wireless/addons/sio2host/uart/sio2host.o
                0x00081954                USART0_Handler
 .text._read    0x000819b4       0x40 src/ASF/common/utils/stdio/read.o
                0x000819b4                _read
 .text.usart_write
                0x000819f4       0x14 src/ASF/sam/drivers/usart/usart.o
                0x000819f4                usart_write
 .text.usart_read
                0x00081a08       0x18 src/ASF/sam/drivers/usart/usart.o
                0x00081a08                usart_read
 .text._write   0x00081a20       0x54 src/ASF/common/utils/stdio/write.o
                0x00081a20                _write
 .text.usart_serial_read_packet
                0x00081a74       0xc4 src/ASF/common/services/serial/usart_serial.o
                0x00081a74                usart_serial_read_packet
 .text.uart_init
                0x00081b38       0x38 src/ASF/sam/drivers/uart/uart.o
                0x00081b38                uart_init
 .text.uart_write
                0x00081b70       0x10 src/ASF/sam/drivers/uart/uart.o
                0x00081b70                uart_write
 .text.uart_read
                0x00081b80       0x14 src/ASF/sam/drivers/uart/uart.o
                0x00081b80                uart_read
 .text.sysclk_init
                0x00081b94       0x64 src/ASF/common/services/clock/sam3x/sysclk.o
                0x00081b94                sysclk_init
 .text.board_init
                0x00081bf8       0x70 src/ASF/sam/boards/arduino_due_x/init.o
                0x00081bf8                board_init
 .text.pio_set_peripheral
                0x00081c68       0x40 src/ASF/sam/drivers/pio/pio.o
                0x00081c68                pio_set_peripheral
 .text.pio_set_input
                0x00081ca8       0x34 src/ASF/sam/drivers/pio/pio.o
                0x00081ca8                pio_set_input
 .text.pio_set_output
                0x00081cdc       0x28 src/ASF/sam/drivers/pio/pio.o
                0x00081cdc                pio_set_output
 .text.pio_get_interrupt_status
                0x00081d04        0x4 src/ASF/sam/drivers/pio/pio.o
                0x00081d04                pio_get_interrupt_status
 .text.pio_get_interrupt_mask
                0x00081d08        0x4 src/ASF/sam/drivers/pio/pio.o
                0x00081d08                pio_get_interrupt_mask
 .text.pio_toggle_pin
                0x00081d0c       0x24 src/ASF/sam/drivers/pio/pio.o
                0x00081d0c                pio_toggle_pin
 .text.pio_configure_pin
                0x00081d30       0xd4 src/ASF/sam/drivers/pio/pio.o
                0x00081d30                pio_configure_pin
 .text.pio_configure_pin_group
                0x00081e04       0xa0 src/ASF/sam/drivers/pio/pio.o
                0x00081e04                pio_configure_pin_group
 .text.pio_handler_process
                0x00081ea4       0x58 src/ASF/sam/drivers/pio/pio_handler.o
                0x00081ea4                pio_handler_process
 .text.PIOA_Handler
                0x00081efc       0x14 src/ASF/sam/drivers/pio/pio_handler.o
                0x00081efc                PIOA_Handler
 .text.PIOB_Handler
                0x00081f10       0x14 src/ASF/sam/drivers/pio/pio_handler.o
                0x00081f10                PIOB_Handler
 .text.PIOC_Handler
                0x00081f24       0x14 src/ASF/sam/drivers/pio/pio_handler.o
                0x00081f24                PIOC_Handler
 .text.PIOD_Handler
                0x00081f38       0x14 src/ASF/sam/drivers/pio/pio_handler.o
                0x00081f38                PIOD_Handler
 .text.pmc_switch_mck_to_pllack
                0x00081f4c       0x64 src/ASF/sam/drivers/pmc/pmc.o
                0x00081f4c                pmc_switch_mck_to_pllack
 .text.pmc_switch_mainck_to_xtal
                0x00081fb0       0x54 src/ASF/sam/drivers/pmc/pmc.o
                0x00081fb0                pmc_switch_mainck_to_xtal
 .text.pmc_osc_is_ready_mainck
                0x00082004       0x10 src/ASF/sam/drivers/pmc/pmc.o
                0x00082004                pmc_osc_is_ready_mainck
 .text.pmc_disable_pllack
                0x00082014       0x10 src/ASF/sam/drivers/pmc/pmc.o
                0x00082014                pmc_disable_pllack
 .text.pmc_is_locked_pllack
                0x00082024       0x10 src/ASF/sam/drivers/pmc/pmc.o
                0x00082024                pmc_is_locked_pllack
 .text.pmc_enable_periph_clk
                0x00082034       0x58 src/ASF/sam/drivers/pmc/pmc.o
                0x00082034                pmc_enable_periph_clk
 .text.Dummy_Handler
                0x0008208c        0x4 src/ASF/sam/utils/cmsis/sam3x/source/templates/exceptions.o
                0x0008208c                DACC_Handler
                0x0008208c                DebugMon_Handler
                0x0008208c                DMAC_Handler
                0x0008208c                TRNG_Handler
                0x0008208c                HardFault_Handler
                0x0008208c                TC2_Handler
                0x0008208c                USART3_Handler
                0x0008208c                TWI1_Handler
                0x0008208c                NMI_Handler
                0x0008208c                TC7_Handler
                0x0008208c                ADC_Handler
                0x0008208c                SMC_Handler
                0x0008208c                RTT_Handler
                0x0008208c                EFC1_Handler
                0x0008208c                RTC_Handler
                0x0008208c                UsageFault_Handler
                0x0008208c                TC6_Handler
                0x0008208c                WDT_Handler
                0x0008208c                CAN0_Handler
                0x0008208c                TC4_Handler
                0x0008208c                TC1_Handler
                0x0008208c                HSMCI_Handler
                0x0008208c                TC3_Handler
                0x0008208c                Dummy_Handler
                0x0008208c                TWI0_Handler
                0x0008208c                USART1_Handler
                0x0008208c                SSC_Handler
                0x0008208c                EFC0_Handler
                0x0008208c                PMC_Handler
                0x0008208c                PWM_Handler
                0x0008208c                CAN1_Handler
                0x0008208c                MemManage_Handler
                0x0008208c                SUPC_Handler
                0x0008208c                TC8_Handler
                0x0008208c                USART2_Handler
                0x0008208c                EMAC_Handler
                0x0008208c                UART_Handler
                0x0008208c                BusFault_Handler
                0x0008208c                RSTC_Handler
                0x0008208c                TC0_Handler
                0x0008208c                TC5_Handler
                0x0008208c                UOTGHS_Handler
                0x0008208c                SPI0_Handler
 .text.Reset_Handler
                0x00082090       0xb0 src/ASF/sam/utils/cmsis/sam3x/source/templates/gcc/startup_sam3x.o
                0x00082090                Reset_Handler
 .text.SystemCoreClockUpdate
                0x00082140      0x11c src/ASF/sam/utils/cmsis/sam3x/source/templates/system_sam3x.o
                0x00082140                SystemCoreClockUpdate
 .text._sbrk    0x0008225c       0x34 src/ASF/sam/utils/syscalls/gcc/syscalls.o
                0x0008225c                _sbrk
 .text._close   0x00082290        0x8 src/ASF/sam/utils/syscalls/gcc/syscalls.o
                0x00082290                _close
 .text._fstat   0x00082298        0xc src/ASF/sam/utils/syscalls/gcc/syscalls.o
                0x00082298                _fstat
 .text._isatty  0x000822a4        0x4 src/ASF/sam/utils/syscalls/gcc/syscalls.o
                0x000822a4                _isatty
 .text._lseek   0x000822a8        0x4 src/ASF/sam/utils/syscalls/gcc/syscalls.o
                0x000822a8                _lseek
 .text.main     0x000822ac       0x8c src/main.o
                0x000822ac                main
 .text.__libc_init_array
                0x00082338       0x50 c:/program files (x86)/atmel/atmel toolchain/arm gcc/native/4.8.1443/arm-gnu-toolchain/bin/../lib/gcc/arm-none-eabi/4.8.4/../../../../arm-none-eabi/lib/armv7-m\libc.a(lib_a-init.o)
                0x00082338                __libc_init_array
 .text.iprintf  0x00082388       0x28 c:/program files (x86)/atmel/atmel toolchain/arm gcc/native/4.8.1443/arm-gnu-toolchain/bin/../lib/gcc/arm-none-eabi/4.8.4/../../../../arm-none-eabi/lib/armv7-m\libc.a(lib_a-iprintf.o)
                0x00082388                iprintf
 .text          0x000823b0       0xec c:/program files (x86)/atmel/atmel toolchain/arm gcc/native/4.8.1443/arm-gnu-toolchain/bin/../lib/gcc/arm-none-eabi/4.8.4/../../../../arm-none-eabi/lib/armv7-m\libc.a(lib_a-memcpy.o)
                0x000823b0                memcpy
 .text.memset   0x0008249c       0x94 c:/program files (x86)/atmel/atmel toolchain/arm gcc/native/4.8.1443/arm-gnu-toolchain/bin/../lib/gcc/arm-none-eabi/4.8.4/../../../../arm-none-eabi/lib/armv7-m\libc.a(lib_a-memset.o)
                0x0008249c                memset
 .text.setbuf   0x00082530       0x10 c:/program files (x86)/atmel/atmel toolchain/arm gcc/native/4.8.1443/arm-gnu-toolchain/bin/../lib/gcc/arm-none-eabi/4.8.4/../../../../arm-none-eabi/lib/armv7-m\libc.a(lib_a-setbuf.o)
                0x00082530                setbuf
 .text.setvbuf  0x00082540      0x100 c:/program files (x86)/atmel/atmel toolchain/arm gcc/native/4.8.1443/arm-gnu-toolchain/bin/../lib/gcc/arm-none-eabi/4.8.4/../../../../arm-none-eabi/lib/armv7-m\libc.a(lib_a-setvbuf.o)
                0x00082540                setvbuf
 .text.strlen   0x00082640       0x60 c:/program files (x86)/atmel/atmel toolchain/arm gcc/native/4.8.1443/arm-gnu-toolchain/bin/../lib/gcc/arm-none-eabi/4.8.4/../../../../arm-none-eabi/lib/armv7-m\libc.a(lib_a-strlen.o)
                0x00082640                strlen
 .text.strncpy  0x000826a0       0x64 c:/program files (x86)/atmel/atmel toolchain/arm gcc/native/4.8.1443/arm-gnu-toolchain/bin/../lib/gcc/arm-none-eabi/4.8.4/../../../../arm-none-eabi/lib/armv7-m\libc.a(lib_a-strncpy.o)
                0x000826a0                strncpy
 .text.__sprint_r.part.0
                0x00082704       0x78 c:/program files (x86)/atmel/atmel toolchain/arm gcc/native/4.8.1443/arm-gnu-toolchain/bin/../lib/gcc/arm-none-eabi/4.8.4/../../../../arm-none-eabi/lib/armv7-m\libc.a(lib_a-vfiprintf.o)
 .text._vfiprintf_r
                0x0008277c      0xc54 c:/program files (x86)/atmel/atmel toolchain/arm gcc/native/4.8.1443/arm-gnu-toolchain/bin/../lib/gcc/arm-none-eabi/4.8.4/../../../../arm-none-eabi/lib/armv7-m\libc.a(lib_a-vfiprintf.o)
                0x0008277c                _vfiprintf_r
 .text.__sbprintf
                0x000833d0       0x7c c:/program files (x86)/atmel/atmel toolchain/arm gcc/native/4.8.1443/arm-gnu-toolchain/bin/../lib/gcc/arm-none-eabi/4.8.4/../../../../arm-none-eabi/lib/armv7-m\libc.a(lib_a-vfiprintf.o)
 .text.__swsetup_r
                0x0008344c       0xc4 c:/program files (x86)/atmel/atmel toolchain/arm gcc/native/4.8.1443/arm-gnu-toolchain/bin/../lib/gcc/arm-none-eabi/4.8.4/../../../../arm-none-eabi/lib/armv7-m\libc.a(lib_a-wsetup.o)
                0x0008344c                __swsetup_r
 .text.startup.register_fini
                0x00083510       0x14 c:/program files (x86)/atmel/atmel toolchain/arm gcc/native/4.8.1443/arm-gnu-toolchain/bin/../lib/gcc/arm-none-eabi/4.8.4/../../../../arm-none-eabi/lib/armv7-m\libc.a(lib_a-__call_atexit.o)
 .text.atexit   0x00083524        0xc c:/program files (x86)/atmel/atmel toolchain/arm gcc/native/4.8.1443/arm-gnu-toolchain/bin/../lib/gcc/arm-none-eabi/4.8.4/../../../../arm-none-eabi/lib/armv7-m\libc.a(lib_a-atexit.o)
                0x00083524                atexit
 .text.__sflush_r
                0x00083530      0x148 c:/program files (x86)/atmel/atmel toolchain/arm gcc/native/4.8.1443/arm-gnu-toolchain/bin/../lib/gcc/arm-none-eabi/4.8.4/../../../../arm-none-eabi/lib/armv7-m\libc.a(lib_a-fflush.o)
                0x00083530                __sflush_r
 .text._fflush_r
                0x00083678       0x2c c:/program files (x86)/atmel/atmel toolchain/arm gcc/native/4.8.1443/arm-gnu-toolchain/bin/../lib/gcc/arm-none-eabi/4.8.4/../../../../arm-none-eabi/lib/armv7-m\libc.a(lib_a-fflush.o)
                0x00083678                _fflush_r
 .text._cleanup_r
                0x000836a4        0xc c:/program files (x86)/atmel/atmel toolchain/arm gcc/native/4.8.1443/arm-gnu-toolchain/bin/../lib/gcc/arm-none-eabi/4.8.4/../../../../arm-none-eabi/lib/armv7-m\libc.a(lib_a-findfp.o)
                0x000836a4                _cleanup_r
 .text.__sinit  0x000836b0       0xf4 c:/program files (x86)/atmel/atmel toolchain/arm gcc/native/4.8.1443/arm-gnu-toolchain/bin/../lib/gcc/arm-none-eabi/4.8.4/../../../../arm-none-eabi/lib/armv7-m\libc.a(lib_a-findfp.o)
                0x000836b0                __sinit
 .text.__sfp_lock_acquire
                0x000837a4        0x4 c:/program files (x86)/atmel/atmel toolchain/arm gcc/native/4.8.1443/arm-gnu-toolchain/bin/../lib/gcc/arm-none-eabi/4.8.4/../../../../arm-none-eabi/lib/armv7-m\libc.a(lib_a-findfp.o)
                0x000837a4                __sfp_lock_acquire
 .text.__sfp_lock_release
                0x000837a8        0x4 c:/program files (x86)/atmel/atmel toolchain/arm gcc/native/4.8.1443/arm-gnu-toolchain/bin/../lib/gcc/arm-none-eabi/4.8.4/../../../../arm-none-eabi/lib/armv7-m\libc.a(lib_a-findfp.o)
                0x000837a8                __sfp_lock_release
 .text.__libc_fini_array
                0x000837ac       0x30 c:/program files (x86)/atmel/atmel toolchain/arm gcc/native/4.8.1443/arm-gnu-toolchain/bin/../lib/gcc/arm-none-eabi/4.8.4/../../../../arm-none-eabi/lib/armv7-m\libc.a(lib_a-fini.o)
                0x000837ac                __libc_fini_array
 .text._fputwc_r
                0x000837dc       0xc0 c:/program files (x86)/atmel/atmel toolchain/arm gcc/native/4.8.1443/arm-gnu-toolchain/bin/../lib/gcc/arm-none-eabi/4.8.4/../../../../arm-none-eabi/lib/armv7-m\libc.a(lib_a-fputwc.o)
                0x000837dc                _fputwc_r
 .text._malloc_trim_r
                0x0008389c       0x9c c:/program files (x86)/atmel/atmel toolchain/arm gcc/native/4.8.1443/arm-gnu-toolchain/bin/../lib/gcc/arm-none-eabi/4.8.4/../../../../arm-none-eabi/lib/armv7-m\libc.a(lib_a-freer.o)
                0x0008389c                _malloc_trim_r
 .text._free_r  0x00083938      0x198 c:/program files (x86)/atmel/atmel toolchain/arm gcc/native/4.8.1443/arm-gnu-toolchain/bin/../lib/gcc/arm-none-eabi/4.8.4/../../../../arm-none-eabi/lib/armv7-m\libc.a(lib_a-freer.o)
                0x00083938                _free_r
 .text.__sfvwrite_r
                0x00083ad0      0x318 c:/program files (x86)/atmel/atmel toolchain/arm gcc/native/4.8.1443/arm-gnu-toolchain/bin/../lib/gcc/arm-none-eabi/4.8.4/../../../../arm-none-eabi/lib/armv7-m\libc.a(lib_a-fvwrite.o)
                0x00083ad0                __sfvwrite_r
 .text._fwalk   0x00083de8       0x48 c:/program files (x86)/atmel/atmel toolchain/arm gcc/native/4.8.1443/arm-gnu-toolchain/bin/../lib/gcc/arm-none-eabi/4.8.4/../../../../arm-none-eabi/lib/armv7-m\libc.a(lib_a-fwalk.o)
                0x00083de8                _fwalk
 .text.__locale_charset
                0x00083e30        0x8 c:/program files (x86)/atmel/atmel toolchain/arm gcc/native/4.8.1443/arm-gnu-toolchain/bin/../lib/gcc/arm-none-eabi/4.8.4/../../../../arm-none-eabi/lib/armv7-m\libc.a(lib_a-locale.o)
                0x00083e30                __locale_charset
 .text.__locale_mb_cur_max
                0x00083e38        0xc c:/program files (x86)/atmel/atmel toolchain/arm gcc/native/4.8.1443/arm-gnu-toolchain/bin/../lib/gcc/arm-none-eabi/4.8.4/../../../../arm-none-eabi/lib/armv7-m\libc.a(lib_a-locale.o)
                0x00083e38                __locale_mb_cur_max
 .text.__smakebuf_r
                0x00083e44       0xe0 c:/program files (x86)/atmel/atmel toolchain/arm gcc/native/4.8.1443/arm-gnu-toolchain/bin/../lib/gcc/arm-none-eabi/4.8.4/../../../../arm-none-eabi/lib/armv7-m\libc.a(lib_a-makebuf.o)
                0x00083e44                __smakebuf_r
 .text.malloc   0x00083f24       0x10 c:/program files (x86)/atmel/atmel toolchain/arm gcc/native/4.8.1443/arm-gnu-toolchain/bin/../lib/gcc/arm-none-eabi/4.8.4/../../../../arm-none-eabi/lib/armv7-m\libc.a(lib_a-malloc.o)
                0x00083f24                malloc
 .text._malloc_r
                0x00083f34      0x538 c:/program files (x86)/atmel/atmel toolchain/arm gcc/native/4.8.1443/arm-gnu-toolchain/bin/../lib/gcc/arm-none-eabi/4.8.4/../../../../arm-none-eabi/lib/armv7-m\libc.a(lib_a-mallocr.o)
                0x00083f34                _malloc_r
 .text.memchr   0x0008446c       0x94 c:/program files (x86)/atmel/atmel toolchain/arm gcc/native/4.8.1443/arm-gnu-toolchain/bin/../lib/gcc/arm-none-eabi/4.8.4/../../../../arm-none-eabi/lib/armv7-m\libc.a(lib_a-memchr-stub.o)
                0x0008446c                memchr
 .text.memmove  0x00084500       0xcc c:/program files (x86)/atmel/atmel toolchain/arm gcc/native/4.8.1443/arm-gnu-toolchain/bin/../lib/gcc/arm-none-eabi/4.8.4/../../../../arm-none-eabi/lib/armv7-m\libc.a(lib_a-memmove.o)
                0x00084500                memmove
 .text.__malloc_lock
                0x000845cc        0x4 c:/program files (x86)/atmel/atmel toolchain/arm gcc/native/4.8.1443/arm-gnu-toolchain/bin/../lib/gcc/arm-none-eabi/4.8.4/../../../../arm-none-eabi/lib/armv7-m\libc.a(lib_a-mlock.o)
                0x000845cc                __malloc_lock
 .text.__malloc_unlock
                0x000845d0        0x4 c:/program files (x86)/atmel/atmel toolchain/arm gcc/native/4.8.1443/arm-gnu-toolchain/bin/../lib/gcc/arm-none-eabi/4.8.4/../../../../arm-none-eabi/lib/armv7-m\libc.a(lib_a-mlock.o)
                0x000845d0                __malloc_unlock
 .text._realloc_r
                0x000845d4      0x3c0 c:/program files (x86)/atmel/atmel toolchain/arm gcc/native/4.8.1443/arm-gnu-toolchain/bin/../lib/gcc/arm-none-eabi/4.8.4/../../../../arm-none-eabi/lib/armv7-m\libc.a(lib_a-reallocr.o)
                0x000845d4                _realloc_r
 .text._sbrk_r  0x00084994       0x24 c:/program files (x86)/atmel/atmel toolchain/arm gcc/native/4.8.1443/arm-gnu-toolchain/bin/../lib/gcc/arm-none-eabi/4.8.4/../../../../arm-none-eabi/lib/armv7-m\libc.a(lib_a-sbrkr.o)
                0x00084994                _sbrk_r
 .text.__sread  0x000849b8       0x24 c:/program files (x86)/atmel/atmel toolchain/arm gcc/native/4.8.1443/arm-gnu-toolchain/bin/../lib/gcc/arm-none-eabi/4.8.4/../../../../arm-none-eabi/lib/armv7-m\libc.a(lib_a-stdio.o)
                0x000849b8                __sread
 .text.__swrite
                0x000849dc       0x38 c:/program files (x86)/atmel/atmel toolchain/arm gcc/native/4.8.1443/arm-gnu-toolchain/bin/../lib/gcc/arm-none-eabi/4.8.4/../../../../arm-none-eabi/lib/armv7-m\libc.a(lib_a-stdio.o)
                0x000849dc                __swrite
 .text.__sseek  0x00084a14       0x20 c:/program files (x86)/atmel/atmel toolchain/arm gcc/native/4.8.1443/arm-gnu-toolchain/bin/../lib/gcc/arm-none-eabi/4.8.4/../../../../arm-none-eabi/lib/armv7-m\libc.a(lib_a-stdio.o)
                0x00084a14                __sseek
 .text.__sclose
                0x00084a34        0x8 c:/program files (x86)/atmel/atmel toolchain/arm gcc/native/4.8.1443/arm-gnu-toolchain/bin/../lib/gcc/arm-none-eabi/4.8.4/../../../../arm-none-eabi/lib/armv7-m\libc.a(lib_a-stdio.o)
                0x00084a34                __sclose
 .text.__swbuf_r
                0x00084a3c       0xa8 c:/program files (x86)/atmel/atmel toolchain/arm gcc/native/4.8.1443/arm-gnu-toolchain/bin/../lib/gcc/arm-none-eabi/4.8.4/../../../../arm-none-eabi/lib/armv7-m\libc.a(lib_a-wbuf.o)
                0x00084a3c                __swbuf_r
 .text._wcrtomb_r
                0x00084ae4       0x50 c:/program files (x86)/atmel/atmel toolchain/arm gcc/native/4.8.1443/arm-gnu-toolchain/bin/../lib/gcc/arm-none-eabi/4.8.4/../../../../arm-none-eabi/lib/armv7-m\libc.a(lib_a-wcrtomb.o)
                0x00084ae4                _wcrtomb_r
 .text.__ascii_wctomb
                0x00084b34       0x1c c:/program files (x86)/atmel/atmel toolchain/arm gcc/native/4.8.1443/arm-gnu-toolchain/bin/../lib/gcc/arm-none-eabi/4.8.4/../../../../arm-none-eabi/lib/armv7-m\libc.a(lib_a-wctomb_r.o)
                0x00084b34                __ascii_wctomb
 .text._write_r
                0x00084b50       0x28 c:/program files (x86)/atmel/atmel toolchain/arm gcc/native/4.8.1443/arm-gnu-toolchain/bin/../lib/gcc/arm-none-eabi/4.8.4/../../../../arm-none-eabi/lib/armv7-m\libc.a(lib_a-writer.o)
                0x00084b50                _write_r
 .text.__register_exitproc
                0x00084b78       0xa8 c:/program files (x86)/atmel/atmel toolchain/arm gcc/native/4.8.1443/arm-gnu-toolchain/bin/../lib/gcc/arm-none-eabi/4.8.4/../../../../arm-none-eabi/lib/armv7-m\libc.a(lib_a-__atexit.o)
                0x00084b78                __register_exitproc
 .text._close_r
                0x00084c20       0x24 c:/program files (x86)/atmel/atmel toolchain/arm gcc/native/4.8.1443/arm-gnu-toolchain/bin/../lib/gcc/arm-none-eabi/4.8.4/../../../../arm-none-eabi/lib/armv7-m\libc.a(lib_a-closer.o)
                0x00084c20                _close_r
 .text._fclose_r
                0x00084c44       0x80 c:/program files (x86)/atmel/atmel toolchain/arm gcc/native/4.8.1443/arm-gnu-toolchain/bin/../lib/gcc/arm-none-eabi/4.8.4/../../../../arm-none-eabi/lib/armv7-m\libc.a(lib_a-fclose.o)
                0x00084c44                _fclose_r
 .text.fclose   0x00084cc4       0x10 c:/program files (x86)/atmel/atmel toolchain/arm gcc/native/4.8.1443/arm-gnu-toolchain/bin/../lib/gcc/arm-none-eabi/4.8.4/../../../../arm-none-eabi/lib/armv7-m\libc.a(lib_a-fclose.o)
                0x00084cc4                fclose
 .text._fstat_r
                0x00084cd4       0x28 c:/program files (x86)/atmel/atmel toolchain/arm gcc/native/4.8.1443/arm-gnu-toolchain/bin/../lib/gcc/arm-none-eabi/4.8.4/../../../../arm-none-eabi/lib/armv7-m\libc.a(lib_a-fstatr.o)
                0x00084cd4                _fstat_r
 .text._isatty_r
                0x00084cfc       0x24 c:/program files (x86)/atmel/atmel toolchain/arm gcc/native/4.8.1443/arm-gnu-toolchain/bin/../lib/gcc/arm-none-eabi/4.8.4/../../../../arm-none-eabi/lib/armv7-m\libc.a(lib_a-isattyr.o)
                0x00084cfc                _isatty_r
 .text._lseek_r
                0x00084d20       0x28 c:/program files (x86)/atmel/atmel toolchain/arm gcc/native/4.8.1443/arm-gnu-toolchain/bin/../lib/gcc/arm-none-eabi/4.8.4/../../../../arm-none-eabi/lib/armv7-m\libc.a(lib_a-lseekr.o)
                0x00084d20                _lseek_r
 .text._read_r  0x00084d48       0x28 c:/program files (x86)/atmel/atmel toolchain/arm gcc/native/4.8.1443/arm-gnu-toolchain/bin/../lib/gcc/arm-none-eabi/4.8.4/../../../../arm-none-eabi/lib/armv7-m\libc.a(lib_a-readr.o)
                0x00084d48                _read_r
 .text          0x00084d70       0x2c c:/program files (x86)/atmel/atmel toolchain/arm gcc/native/4.8.1443/arm-gnu-toolchain/bin/../lib/gcc/arm-none-eabi/4.8.4/armv7-m\libgcc.a(_aeabi_uldivmod.o)
                0x00084d70                __aeabi_uldivmod
 .text          0x00084d9c       0x60 c:/program files (x86)/atmel/atmel toolchain/arm gcc/native/4.8.1443/arm-gnu-toolchain/bin/../lib/gcc/arm-none-eabi/4.8.4/armv7-m\libgcc.a(bpabi.o)
                0x00084d9c                __gnu_ldivmod_helper
                0x00084dcc                __gnu_uldivmod_helper
 .text          0x00084dfc        0x4 c:/program files (x86)/atmel/atmel toolchain/arm gcc/native/4.8.1443/arm-gnu-toolchain/bin/../lib/gcc/arm-none-eabi/4.8.4/armv7-m\libgcc.a(_dvmd_tls.o)
                0x00084dfc                __aeabi_idiv0
                0x00084dfc                __aeabi_ldiv0
 .text          0x00084e00      0x2a0 c:/program files (x86)/atmel/atmel toolchain/arm gcc/native/4.8.1443/arm-gnu-toolchain/bin/../lib/gcc/arm-none-eabi/4.8.4/armv7-m\libgcc.a(_divdi3.o)
                0x00084e00                __divdi3
 .text          0x000850a0      0x290 c:/program files (x86)/atmel/atmel toolchain/arm gcc/native/4.8.1443/arm-gnu-toolchain/bin/../lib/gcc/arm-none-eabi/4.8.4/armv7-m\libgcc.a(_udivdi3.o)
                0x000850a0                __udivdi3
 *(.glue_7t)
 .glue_7t       0x00000000        0x0 linker stubs
 *(.glue_7)
 .glue_7        0x00000000        0x0 linker stubs
 *(.rodata .rodata* .gnu.linkonce.r.*)
 .rodata.str1.4
                0x00085330        0x7 src/TaskLED.o
                                  0x8 (size before relaxing)
 *fill*         0x00085337        0x1 
 .rodata.str1.4
                0x00085338       0x1f src/ASF/thirdparty/freertos/freertos-7.3.0/source/tasks.o
                                 0x20 (size before relaxing)
 *fill*         0x00085357        0x1 
 .rodata.str1.4
                0x00085358        0x8 src/ASF/thirdparty/freertos/freertos-7.3.0/source/timers.o
 .rodata.str1.4
                0x00085360       0x91 src/main.o
                                 0x94 (size before relaxing)
 *fill*         0x000853f1        0x3 
 .rodata.str1.4
                0x000853f4        0x2 c:/program files (x86)/atmel/atmel toolchain/arm gcc/native/4.8.1443/arm-gnu-toolchain/bin/../lib/gcc/arm-none-eabi/4.8.4/../../../../arm-none-eabi/lib/armv7-m\libc.a(lib_a-impure.o)
                                  0x4 (size before relaxing)
 *fill*         0x000853f6        0x2 
 .rodata._global_impure_ptr
                0x000853f8        0x4 c:/program files (x86)/atmel/atmel toolchain/arm gcc/native/4.8.1443/arm-gnu-toolchain/bin/../lib/gcc/arm-none-eabi/4.8.4/../../../../arm-none-eabi/lib/armv7-m\libc.a(lib_a-impure.o)
                0x000853f8                _global_impure_ptr
 .rodata.str1.4
                0x000853fc       0x30 c:/program files (x86)/atmel/atmel toolchain/arm gcc/native/4.8.1443/arm-gnu-toolchain/bin/../lib/gcc/arm-none-eabi/4.8.4/../../../../arm-none-eabi/lib/armv7-m\libc.a(lib_a-vfiprintf.o)
 .rodata.zeroes.6721
                0x0008542c       0x10 c:/program files (x86)/atmel/atmel toolchain/arm gcc/native/4.8.1443/arm-gnu-toolchain/bin/../lib/gcc/arm-none-eabi/4.8.4/../../../../arm-none-eabi/lib/armv7-m\libc.a(lib_a-vfiprintf.o)
 .rodata.blanks.6720
                0x0008543c       0x10 c:/program files (x86)/atmel/atmel toolchain/arm gcc/native/4.8.1443/arm-gnu-toolchain/bin/../lib/gcc/arm-none-eabi/4.8.4/../../../../arm-none-eabi/lib/armv7-m\libc.a(lib_a-vfiprintf.o)
 *(.ARM.extab* .gnu.linkonce.armextab.*)
                0x0008544c                . = ALIGN (0x4)
 *(.init)
 .init          0x0008544c        0x4 c:/program files (x86)/atmel/atmel toolchain/arm gcc/native/4.8.1443/arm-gnu-toolchain/bin/../lib/gcc/arm-none-eabi/4.8.4/armv7-m/crti.o
                0x0008544c                _init
 .init          0x00085450        0x8 c:/program files (x86)/atmel/atmel toolchain/arm gcc/native/4.8.1443/arm-gnu-toolchain/bin/../lib/gcc/arm-none-eabi/4.8.4/armv7-m/crtn.o
                0x00085458                . = ALIGN (0x4)
                0x00085458                __preinit_array_start = .
 *(.preinit_array)
                0x00085458                __preinit_array_end = .
                0x00085458                . = ALIGN (0x4)
                0x00085458                __init_array_start = .
 *(SORT(.init_array.*))
 .init_array.00000
                0x00085458        0x4 c:/program files (x86)/atmel/atmel toolchain/arm gcc/native/4.8.1443/arm-gnu-toolchain/bin/../lib/gcc/arm-none-eabi/4.8.4/../../../../arm-none-eabi/lib/armv7-m\libc.a(lib_a-__call_atexit.o)
 *(.init_array)
 .init_array    0x0008545c        0x4 c:/program files (x86)/atmel/atmel toolchain/arm gcc/native/4.8.1443/arm-gnu-toolchain/bin/../lib/gcc/arm-none-eabi/4.8.4/armv7-m/crtbegin.o
                0x00085460                __init_array_end = .
                0x00085460                . = ALIGN (0x4)
 *crtbegin.o(.ctors)
 *(EXCLUDE_FILE(*crtend.o) .ctors)
 *(SORT(.ctors.*))
 *crtend.o(.ctors)
                0x00085460                . = ALIGN (0x4)
 *(.fini)
 .fini          0x00085460        0x4 c:/program files (x86)/atmel/atmel toolchain/arm gcc/native/4.8.1443/arm-gnu-toolchain/bin/../lib/gcc/arm-none-eabi/4.8.4/armv7-m/crti.o
                0x00085460                _fini
 .fini          0x00085464        0x8 c:/program files (x86)/atmel/atmel toolchain/arm gcc/native/4.8.1443/arm-gnu-toolchain/bin/../lib/gcc/arm-none-eabi/4.8.4/armv7-m/crtn.o
                0x0008546c                . = ALIGN (0x4)
                0x0008546c                __fini_array_start = .
 *(.fini_array)
 .fini_array    0x0008546c        0x4 c:/program files (x86)/atmel/atmel toolchain/arm gcc/native/4.8.1443/arm-gnu-toolchain/bin/../lib/gcc/arm-none-eabi/4.8.4/armv7-m/crtbegin.o
 *(SORT(.fini_array.*))
                0x00085470                __fini_array_end = .
 *crtbegin.o(.dtors)
 *(EXCLUDE_FILE(*crtend.o) .dtors)
 *(SORT(.dtors.*))
 *crtend.o(.dtors)
                0x00085470                . = ALIGN (0x4)
                0x00085470                _efixed = .
                0x00085470                PROVIDE (__exidx_start, .)

.vfp11_veneer   0x00085470        0x0
 .vfp11_veneer  0x00000000        0x0 linker stubs

.v4_bx          0x00085470        0x0
 .v4_bx         0x00000000        0x0 linker stubs

.iplt           0x00085470        0x0
 .iplt          0x00000000        0x0 c:/program files (x86)/atmel/atmel toolchain/arm gcc/native/4.8.1443/arm-gnu-toolchain/bin/../lib/gcc/arm-none-eabi/4.8.4/armv7-m/crtbegin.o

.ARM.exidx      0x00085470        0x8
 *(.ARM.exidx* .gnu.linkonce.armexidx.*)
 .ARM.exidx     0x00085470        0x8 c:/program files (x86)/atmel/atmel toolchain/arm gcc/native/4.8.1443/arm-gnu-toolchain/bin/../lib/gcc/arm-none-eabi/4.8.4/armv7-m\libgcc.a(_divdi3.o)
 .ARM.exidx     0x00085478        0x0 c:/program files (x86)/atmel/atmel toolchain/arm gcc/native/4.8.1443/arm-gnu-toolchain/bin/../lib/gcc/arm-none-eabi/4.8.4/armv7-m\libgcc.a(_udivdi3.o)
                                  0x8 (size before relaxing)
                0x00085478                PROVIDE (__exidx_end, .)

.eh_frame       0x00085478        0x0
 .eh_frame      0x00085478        0x0 c:/program files (x86)/atmel/atmel toolchain/arm gcc/native/4.8.1443/arm-gnu-toolchain/bin/../lib/gcc/arm-none-eabi/4.8.4/armv7-m/crtbegin.o

.rel.dyn        0x00085478        0x0
 .rel.iplt      0x00000000        0x0 c:/program files (x86)/atmel/atmel toolchain/arm gcc/native/4.8.1443/arm-gnu-toolchain/bin/../lib/gcc/arm-none-eabi/4.8.4/armv7-m/crtbegin.o

.jcr            0x00085478        0x0
 .jcr           0x00085478        0x0 c:/program files (x86)/atmel/atmel toolchain/arm gcc/native/4.8.1443/arm-gnu-toolchain/bin/../lib/gcc/arm-none-eabi/4.8.4/armv7-m/crtbegin.o

.igot.plt       0x00085478        0x0
 .igot.plt      0x00000000        0x0 c:/program files (x86)/atmel/atmel toolchain/arm gcc/native/4.8.1443/arm-gnu-toolchain/bin/../lib/gcc/arm-none-eabi/4.8.4/armv7-m/crtbegin.o
                0x00085478                . = ALIGN (0x4)
                0x00085478                _etext = .

.relocate       0x20070000      0x9a4 load address 0x00085478
                0x20070000                . = ALIGN (0x4)
                0x20070000                _srelocate = .
 *(.ramfunc .ramfunc.*)
 .ramfunc       0x20070000      0x12c src/ASF/sam/utils/cmsis/sam3x/source/templates/system_sam3x.o
                0x20070000                SystemInit
                0x200700a4                system_init_flash
 *(.data .data.*)
 .data.uxCriticalNesting
                0x2007012c        0x4 src/ASF/thirdparty/freertos/freertos-7.3.0/source/portable/gcc/sam/port.o
 .data.xFreeBytesRemaining
                0x20070130        0x4 src/ASF/thirdparty/freertos/freertos-7.3.0/source/portable/memmang/heap_4.o
 .data.xNextTaskUnblockTime
                0x20070134        0x2 src/ASF/thirdparty/freertos/freertos-7.3.0/source/tasks.o
 .data.g_interrupt_enabled
                0x20070136        0x1 src/ASF/common/utils/interrupt/interrupt_sam_nvic.o
                0x20070136                g_interrupt_enabled
 *fill*         0x20070137        0x1 
 .data.SystemCoreClock
                0x20070138        0x4 src/ASF/sam/utils/cmsis/sam3x/source/templates/system_sam3x.o
                0x20070138                SystemCoreClock
 *fill*         0x2007013c        0x4 
 .data.impure_data
                0x20070140      0x428 c:/program files (x86)/atmel/atmel toolchain/arm gcc/native/4.8.1443/arm-gnu-toolchain/bin/../lib/gcc/arm-none-eabi/4.8.4/../../../../arm-none-eabi/lib/armv7-m\libc.a(lib_a-impure.o)
 .data._impure_ptr
                0x20070568        0x4 c:/program files (x86)/atmel/atmel toolchain/arm gcc/native/4.8.1443/arm-gnu-toolchain/bin/../lib/gcc/arm-none-eabi/4.8.4/../../../../arm-none-eabi/lib/armv7-m\libc.a(lib_a-impure.o)
                0x20070568                _impure_ptr
 .data.lc_ctype_charset
                0x2007056c       0x20 c:/program files (x86)/atmel/atmel toolchain/arm gcc/native/4.8.1443/arm-gnu-toolchain/bin/../lib/gcc/arm-none-eabi/4.8.4/../../../../arm-none-eabi/lib/armv7-m\libc.a(lib_a-locale.o)
 .data.__mb_cur_max
                0x2007058c        0x4 c:/program files (x86)/atmel/atmel toolchain/arm gcc/native/4.8.1443/arm-gnu-toolchain/bin/../lib/gcc/arm-none-eabi/4.8.4/../../../../arm-none-eabi/lib/armv7-m\libc.a(lib_a-locale.o)
                0x2007058c                __mb_cur_max
 .data.__malloc_av_
                0x20070590      0x408 c:/program files (x86)/atmel/atmel toolchain/arm gcc/native/4.8.1443/arm-gnu-toolchain/bin/../lib/gcc/arm-none-eabi/4.8.4/../../../../arm-none-eabi/lib/armv7-m\libc.a(lib_a-mallocr.o)
                0x20070590                __malloc_av_
 .data.__malloc_trim_threshold
                0x20070998        0x4 c:/program files (x86)/atmel/atmel toolchain/arm gcc/native/4.8.1443/arm-gnu-toolchain/bin/../lib/gcc/arm-none-eabi/4.8.4/../../../../arm-none-eabi/lib/armv7-m\libc.a(lib_a-mallocr.o)
                0x20070998                __malloc_trim_threshold
 .data.__malloc_sbrk_base
                0x2007099c        0x4 c:/program files (x86)/atmel/atmel toolchain/arm gcc/native/4.8.1443/arm-gnu-toolchain/bin/../lib/gcc/arm-none-eabi/4.8.4/../../../../arm-none-eabi/lib/armv7-m\libc.a(lib_a-mallocr.o)
                0x2007099c                __malloc_sbrk_base
 .data.__wctomb
                0x200709a0        0x4 c:/program files (x86)/atmel/atmel toolchain/arm gcc/native/4.8.1443/arm-gnu-toolchain/bin/../lib/gcc/arm-none-eabi/4.8.4/../../../../arm-none-eabi/lib/armv7-m\libc.a(lib_a-wctomb_r.o)
                0x200709a0                __wctomb
                0x200709a4                . = ALIGN (0x4)
                0x200709a4                _erelocate = .

.bss            0x200709a8     0x8320 load address 0x00085e20
                0x200709a8                . = ALIGN (0x4)
                0x200709a8                _sbss = .
                0x200709a8                _szero = .
 *(.bss .bss.*)
 .bss           0x200709a8       0x1c c:/program files (x86)/atmel/atmel toolchain/arm gcc/native/4.8.1443/arm-gnu-toolchain/bin/../lib/gcc/arm-none-eabi/4.8.4/armv7-m/crtbegin.o
 *fill*         0x200709c4        0x4 
 .bss.xHeap     0x200709c8     0x8000 src/ASF/thirdparty/freertos/freertos-7.3.0/source/portable/memmang/heap_4.o
 .bss.pxEnd     0x200789c8        0x4 src/ASF/thirdparty/freertos/freertos-7.3.0/source/portable/memmang/heap_4.o
 .bss.xStart    0x200789cc        0x8 src/ASF/thirdparty/freertos/freertos-7.3.0/source/portable/memmang/heap_4.o
 .bss.uxMissedTicks
                0x200789d4        0x4 src/ASF/thirdparty/freertos/freertos-7.3.0/source/tasks.o
 .bss.xSuspendedTaskList
                0x200789d8       0x14 src/ASF/thirdparty/freertos/freertos-7.3.0/source/tasks.o
 .bss.pxDelayedTaskList
                0x200789ec        0x4 src/ASF/thirdparty/freertos/freertos-7.3.0/source/tasks.o
 .bss.xSchedulerRunning
                0x200789f0        0x4 src/ASF/thirdparty/freertos/freertos-7.3.0/source/tasks.o
 .bss.uxTasksDeleted
                0x200789f4        0x4 src/ASF/thirdparty/freertos/freertos-7.3.0/source/tasks.o
 .bss.xTasksWaitingTermination
                0x200789f8       0x14 src/ASF/thirdparty/freertos/freertos-7.3.0/source/tasks.o
 .bss.xDelayedTaskList2
                0x20078a0c       0x14 src/ASF/thirdparty/freertos/freertos-7.3.0/source/tasks.o
 .bss.uxTopReadyPriority
                0x20078a20        0x4 src/ASF/thirdparty/freertos/freertos-7.3.0/source/tasks.o
 .bss.pxReadyTasksLists
                0x20078a24       0xc8 src/ASF/thirdparty/freertos/freertos-7.3.0/source/tasks.o
 .bss.uxSchedulerSuspended
                0x20078aec        0x4 src/ASF/thirdparty/freertos/freertos-7.3.0/source/tasks.o
 .bss.pxCurrentTCB
                0x20078af0        0x4 src/ASF/thirdparty/freertos/freertos-7.3.0/source/tasks.o
                0x20078af0                pxCurrentTCB
 .bss.xPendingReadyList
                0x20078af4       0x14 src/ASF/thirdparty/freertos/freertos-7.3.0/source/tasks.o
 .bss.xNumOfOverflows
                0x20078b08        0x4 src/ASF/thirdparty/freertos/freertos-7.3.0/source/tasks.o
 .bss.xTickCount
                0x20078b0c        0x2 src/ASF/thirdparty/freertos/freertos-7.3.0/source/tasks.o
 *fill*         0x20078b0e        0x2 
 .bss.pxOverflowDelayedTaskList
                0x20078b10        0x4 src/ASF/thirdparty/freertos/freertos-7.3.0/source/tasks.o
 .bss.uxTaskNumber
                0x20078b14        0x4 src/ASF/thirdparty/freertos/freertos-7.3.0/source/tasks.o
 .bss.xDelayedTaskList1
                0x20078b18       0x14 src/ASF/thirdparty/freertos/freertos-7.3.0/source/tasks.o
 .bss.xMissedYield
                0x20078b2c        0x4 src/ASF/thirdparty/freertos/freertos-7.3.0/source/tasks.o
 .bss.uxCurrentNumberOfTasks
                0x20078b30        0x4 src/ASF/thirdparty/freertos/freertos-7.3.0/source/tasks.o
 .bss.uxTopUsedPriority
                0x20078b34        0x4 src/ASF/thirdparty/freertos/freertos-7.3.0/source/tasks.o
 .bss.pxCurrentTimerList
                0x20078b38        0x4 src/ASF/thirdparty/freertos/freertos-7.3.0/source/timers.o
 .bss.xActiveTimerList1
                0x20078b3c       0x14 src/ASF/thirdparty/freertos/freertos-7.3.0/source/timers.o
 .bss.xActiveTimerList2
                0x20078b50       0x14 src/ASF/thirdparty/freertos/freertos-7.3.0/source/timers.o
 .bss.xLastTime.4484
                0x20078b64        0x2 src/ASF/thirdparty/freertos/freertos-7.3.0/source/timers.o
 *fill*         0x20078b66        0x2 
 .bss.xTimerQueue
                0x20078b68        0x4 src/ASF/thirdparty/freertos/freertos-7.3.0/source/timers.o
 .bss.pxOverflowTimerList
                0x20078b6c        0x4 src/ASF/thirdparty/freertos/freertos-7.3.0/source/timers.o
 .bss.serial_rx_buf
                0x20078b70       0x9c src/ASF/thirdparty/wireless/addons/sio2host/uart/sio2host.o
 .bss.serial_rx_buf_tail
                0x20078c0c        0x1 src/ASF/thirdparty/wireless/addons/sio2host/uart/sio2host.o
 *fill*         0x20078c0d        0x3 
 .bss.gs_interrupt_sources
                0x20078c10       0x70 src/ASF/sam/drivers/pio/pio_handler.o
 .bss.heap.5098
                0x20078c80        0x4 src/ASF/sam/utils/syscalls/gcc/syscalls.o
 .bss.__malloc_max_total_mem
                0x20078c84        0x4 c:/program files (x86)/atmel/atmel toolchain/arm gcc/native/4.8.1443/arm-gnu-toolchain/bin/../lib/gcc/arm-none-eabi/4.8.4/../../../../arm-none-eabi/lib/armv7-m\libc.a(lib_a-mallocr.o)
                0x20078c84                __malloc_max_total_mem
 .bss.__malloc_max_sbrked_mem
                0x20078c88        0x4 c:/program files (x86)/atmel/atmel toolchain/arm gcc/native/4.8.1443/arm-gnu-toolchain/bin/../lib/gcc/arm-none-eabi/4.8.4/../../../../arm-none-eabi/lib/armv7-m\libc.a(lib_a-mallocr.o)
                0x20078c88                __malloc_max_sbrked_mem
 .bss.__malloc_top_pad
                0x20078c8c        0x4 c:/program files (x86)/atmel/atmel toolchain/arm gcc/native/4.8.1443/arm-gnu-toolchain/bin/../lib/gcc/arm-none-eabi/4.8.4/../../../../arm-none-eabi/lib/armv7-m\libc.a(lib_a-mallocr.o)
                0x20078c8c                __malloc_top_pad
 .bss.__malloc_current_mallinfo
                0x20078c90       0x28 c:/program files (x86)/atmel/atmel toolchain/arm gcc/native/4.8.1443/arm-gnu-toolchain/bin/../lib/gcc/arm-none-eabi/4.8.4/../../../../arm-none-eabi/lib/armv7-m\libc.a(lib_a-mallocr.o)
                0x20078c90                __malloc_current_mallinfo
 *(COMMON)
 COMMON         0x20078cb8        0x4 src/ASF/common/utils/stdio/read.o
                0x20078cb8                ptr_get
 COMMON         0x20078cbc        0x8 src/ASF/common/utils/stdio/write.o
                0x20078cbc                ptr_put
                0x20078cc0                stdio_base
 COMMON         0x20078cc4        0x4 c:/program files (x86)/atmel/atmel toolchain/arm gcc/native/4.8.1443/arm-gnu-toolchain/bin/../lib/gcc/arm-none-eabi/4.8.4/../../../../arm-none-eabi/lib/armv7-m\libc.a(lib_a-reent.o)
                0x20078cc4                errno
                0x20078cc8                . = ALIGN (0x4)
                0x20078cc8                _ebss = .
                0x20078cc8                _ezero = .

.stack          0x20078cc8     0x2000 load address 0x0008e140
                0x20078cc8                . = ALIGN (0x8)
                0x20078cc8                _sstack = .
                0x2007acc8                . = (. + __stack_size__)
 *fill*         0x20078cc8     0x2000 
                0x2007acc8                . = ALIGN (0x8)
                0x2007acc8                _estack = .
                0x2007acc8                . = ALIGN (0x4)
                0x2007acc8                _end = .
OUTPUT(FreeRTOSTest.elf elf32-littlearm)

.ARM.attributes
                0x00000000       0x29
 .ARM.attributes
                0x00000000       0x1d c:/program files (x86)/atmel/atmel toolchain/arm gcc/native/4.8.1443/arm-gnu-toolchain/bin/../lib/gcc/arm-none-eabi/4.8.4/armv7-m/crti.o
 .ARM.attributes
                0x0000001d       0x2d c:/program files (x86)/atmel/atmel toolchain/arm gcc/native/4.8.1443/arm-gnu-toolchain/bin/../lib/gcc/arm-none-eabi/4.8.4/armv7-m/crtbegin.o
 .ARM.attributes
                0x0000004a       0x33 src/consoleFunctions.o
 .ARM.attributes
                0x0000007d       0x33 src/TaskLED.o
 .ARM.attributes
                0x000000b0       0x33 src/ASF/thirdparty/freertos/freertos-7.3.0/source/list.o
 .ARM.attributes
                0x000000e3       0x33 src/ASF/thirdparty/freertos/freertos-7.3.0/source/portable/gcc/sam/port.o
 .ARM.attributes
                0x00000116       0x33 src/ASF/thirdparty/freertos/freertos-7.3.0/source/portable/memmang/heap_4.o
 .ARM.attributes
                0x00000149       0x33 src/ASF/thirdparty/freertos/freertos-7.3.0/source/queue.o
 .ARM.attributes
                0x0000017c       0x33 src/ASF/thirdparty/freertos/freertos-7.3.0/source/tasks.o
 .ARM.attributes
                0x000001af       0x33 src/ASF/thirdparty/freertos/freertos-7.3.0/source/timers.o
 .ARM.attributes
                0x000001e2       0x33 src/ASF/thirdparty/wireless/addons/sio2host/uart/sio2host.o
 .ARM.attributes
                0x00000215       0x33 src/ASF/common/utils/stdio/read.o
 .ARM.attributes
                0x00000248       0x33 src/ASF/sam/drivers/usart/usart.o
 .ARM.attributes
                0x0000027b       0x33 src/ASF/common/utils/stdio/write.o
 .ARM.attributes
                0x000002ae       0x33 src/ASF/common/services/serial/usart_serial.o
 .ARM.attributes
                0x000002e1       0x33 src/ASF/sam/drivers/uart/uart.o
 .ARM.attributes
                0x00000314       0x33 src/ASF/common/services/clock/sam3x/sysclk.o
 .ARM.attributes
                0x00000347       0x33 src/ASF/common/utils/interrupt/interrupt_sam_nvic.o
 .ARM.attributes
                0x0000037a       0x33 src/ASF/sam/boards/arduino_due_x/init.o
 .ARM.attributes
                0x000003ad       0x33 src/ASF/sam/drivers/pio/pio.o
 .ARM.attributes
                0x000003e0       0x33 src/ASF/sam/drivers/pio/pio_handler.o
 .ARM.attributes
                0x00000413       0x33 src/ASF/sam/drivers/pmc/pmc.o
 .ARM.attributes
                0x00000446       0x33 src/ASF/sam/utils/cmsis/sam3x/source/templates/exceptions.o
 .ARM.attributes
                0x00000479       0x33 src/ASF/sam/utils/cmsis/sam3x/source/templates/gcc/startup_sam3x.o
 .ARM.attributes
                0x000004ac       0x33 src/ASF/sam/utils/cmsis/sam3x/source/templates/system_sam3x.o
 .ARM.attributes
                0x000004df       0x33 src/ASF/sam/utils/syscalls/gcc/syscalls.o
 .ARM.attributes
                0x00000512       0x33 src/main.o
 .ARM.attributes
                0x00000545       0x2d c:/program files (x86)/atmel/atmel toolchain/arm gcc/native/4.8.1443/arm-gnu-toolchain/bin/../lib/gcc/arm-none-eabi/4.8.4/../../../../arm-none-eabi/lib/armv7-m\libc.a(lib_a-impure.o)
 .ARM.attributes
                0x00000572       0x2d c:/program files (x86)/atmel/atmel toolchain/arm gcc/native/4.8.1443/arm-gnu-toolchain/bin/../lib/gcc/arm-none-eabi/4.8.4/../../../../arm-none-eabi/lib/armv7-m\libc.a(lib_a-init.o)
 .ARM.attributes
                0x0000059f       0x2d c:/program files (x86)/atmel/atmel toolchain/arm gcc/native/4.8.1443/arm-gnu-toolchain/bin/../lib/gcc/arm-none-eabi/4.8.4/../../../../arm-none-eabi/lib/armv7-m\libc.a(lib_a-iprintf.o)
 .ARM.attributes
                0x000005cc       0x1b c:/program files (x86)/atmel/atmel toolchain/arm gcc/native/4.8.1443/arm-gnu-toolchain/bin/../lib/gcc/arm-none-eabi/4.8.4/../../../../arm-none-eabi/lib/armv7-m\libc.a(lib_a-memcpy.o)
 .ARM.attributes
                0x000005e7       0x2d c:/program files (x86)/atmel/atmel toolchain/arm gcc/native/4.8.1443/arm-gnu-toolchain/bin/../lib/gcc/arm-none-eabi/4.8.4/../../../../arm-none-eabi/lib/armv7-m\libc.a(lib_a-memset.o)
 .ARM.attributes
                0x00000614       0x2d c:/program files (x86)/atmel/atmel toolchain/arm gcc/native/4.8.1443/arm-gnu-toolchain/bin/../lib/gcc/arm-none-eabi/4.8.4/../../../../arm-none-eabi/lib/armv7-m\libc.a(lib_a-setbuf.o)
 .ARM.attributes
                0x00000641       0x2d c:/program files (x86)/atmel/atmel toolchain/arm gcc/native/4.8.1443/arm-gnu-toolchain/bin/../lib/gcc/arm-none-eabi/4.8.4/../../../../arm-none-eabi/lib/armv7-m\libc.a(lib_a-setvbuf.o)
 .ARM.attributes
                0x0000066e       0x2d c:/program files (x86)/atmel/atmel toolchain/arm gcc/native/4.8.1443/arm-gnu-toolchain/bin/../lib/gcc/arm-none-eabi/4.8.4/../../../../arm-none-eabi/lib/armv7-m\libc.a(lib_a-strlen.o)
 .ARM.attributes
                0x0000069b       0x2d c:/program files (x86)/atmel/atmel toolchain/arm gcc/native/4.8.1443/arm-gnu-toolchain/bin/../lib/gcc/arm-none-eabi/4.8.4/../../../../arm-none-eabi/lib/armv7-m\libc.a(lib_a-strncpy.o)
 .ARM.attributes
                0x000006c8       0x2d c:/program files (x86)/atmel/atmel toolchain/arm gcc/native/4.8.1443/arm-gnu-toolchain/bin/../lib/gcc/arm-none-eabi/4.8.4/../../../../arm-none-eabi/lib/armv7-m\libc.a(lib_a-vfiprintf.o)
 .ARM.attributes
                0x000006f5       0x2d c:/program files (x86)/atmel/atmel toolchain/arm gcc/native/4.8.1443/arm-gnu-toolchain/bin/../lib/gcc/arm-none-eabi/4.8.4/../../../../arm-none-eabi/lib/armv7-m\libc.a(lib_a-wsetup.o)
 .ARM.attributes
                0x00000722       0x2d c:/program files (x86)/atmel/atmel toolchain/arm gcc/native/4.8.1443/arm-gnu-toolchain/bin/../lib/gcc/arm-none-eabi/4.8.4/../../../../arm-none-eabi/lib/armv7-m\libc.a(lib_a-__call_atexit.o)
 .ARM.attributes
                0x0000074f       0x2d c:/program files (x86)/atmel/atmel toolchain/arm gcc/native/4.8.1443/arm-gnu-toolchain/bin/../lib/gcc/arm-none-eabi/4.8.4/../../../../arm-none-eabi/lib/armv7-m\libc.a(lib_a-atexit.o)
 .ARM.attributes
                0x0000077c       0x2d c:/program files (x86)/atmel/atmel toolchain/arm gcc/native/4.8.1443/arm-gnu-toolchain/bin/../lib/gcc/arm-none-eabi/4.8.4/../../../../arm-none-eabi/lib/armv7-m\libc.a(lib_a-fflush.o)
 .ARM.attributes
                0x000007a9       0x2d c:/program files (x86)/atmel/atmel toolchain/arm gcc/native/4.8.1443/arm-gnu-toolchain/bin/../lib/gcc/arm-none-eabi/4.8.4/../../../../arm-none-eabi/lib/armv7-m\libc.a(lib_a-findfp.o)
 .ARM.attributes
                0x000007d6       0x2d c:/program files (x86)/atmel/atmel toolchain/arm gcc/native/4.8.1443/arm-gnu-toolchain/bin/../lib/gcc/arm-none-eabi/4.8.4/../../../../arm-none-eabi/lib/armv7-m\libc.a(lib_a-fini.o)
 .ARM.attributes
                0x00000803       0x2d c:/program files (x86)/atmel/atmel toolchain/arm gcc/native/4.8.1443/arm-gnu-toolchain/bin/../lib/gcc/arm-none-eabi/4.8.4/../../../../arm-none-eabi/lib/armv7-m\libc.a(lib_a-fputwc.o)
 .ARM.attributes
                0x00000830       0x2d c:/program files (x86)/atmel/atmel toolchain/arm gcc/native/4.8.1443/arm-gnu-toolchain/bin/../lib/gcc/arm-none-eabi/4.8.4/../../../../arm-none-eabi/lib/armv7-m\libc.a(lib_a-freer.o)
 .ARM.attributes
                0x0000085d       0x2d c:/program files (x86)/atmel/atmel toolchain/arm gcc/native/4.8.1443/arm-gnu-toolchain/bin/../lib/gcc/arm-none-eabi/4.8.4/../../../../arm-none-eabi/lib/armv7-m\libc.a(lib_a-fvwrite.o)
 .ARM.attributes
                0x0000088a       0x2d c:/program files (x86)/atmel/atmel toolchain/arm gcc/native/4.8.1443/arm-gnu-toolchain/bin/../lib/gcc/arm-none-eabi/4.8.4/../../../../arm-none-eabi/lib/armv7-m\libc.a(lib_a-fwalk.o)
 .ARM.attributes
                0x000008b7       0x2d c:/program files (x86)/atmel/atmel toolchain/arm gcc/native/4.8.1443/arm-gnu-toolchain/bin/../lib/gcc/arm-none-eabi/4.8.4/../../../../arm-none-eabi/lib/armv7-m\libc.a(lib_a-locale.o)
 .ARM.attributes
                0x000008e4       0x2d c:/program files (x86)/atmel/atmel toolchain/arm gcc/native/4.8.1443/arm-gnu-toolchain/bin/../lib/gcc/arm-none-eabi/4.8.4/../../../../arm-none-eabi/lib/armv7-m\libc.a(lib_a-makebuf.o)
 .ARM.attributes
                0x00000911       0x2d c:/program files (x86)/atmel/atmel toolchain/arm gcc/native/4.8.1443/arm-gnu-toolchain/bin/../lib/gcc/arm-none-eabi/4.8.4/../../../../arm-none-eabi/lib/armv7-m\libc.a(lib_a-malloc.o)
 .ARM.attributes
                0x0000093e       0x2d c:/program files (x86)/atmel/atmel toolchain/arm gcc/native/4.8.1443/arm-gnu-toolchain/bin/../lib/gcc/arm-none-eabi/4.8.4/../../../../arm-none-eabi/lib/armv7-m\libc.a(lib_a-mallocr.o)
 .ARM.attributes
                0x0000096b       0x2d c:/program files (x86)/atmel/atmel toolchain/arm gcc/native/4.8.1443/arm-gnu-toolchain/bin/../lib/gcc/arm-none-eabi/4.8.4/../../../../arm-none-eabi/lib/armv7-m\libc.a(lib_a-memchr-stub.o)
 .ARM.attributes
                0x00000998       0x2d c:/program files (x86)/atmel/atmel toolchain/arm gcc/native/4.8.1443/arm-gnu-toolchain/bin/../lib/gcc/arm-none-eabi/4.8.4/../../../../arm-none-eabi/lib/armv7-m\libc.a(lib_a-memmove.o)
 .ARM.attributes
                0x000009c5       0x2d c:/program files (x86)/atmel/atmel toolchain/arm gcc/native/4.8.1443/arm-gnu-toolchain/bin/../lib/gcc/arm-none-eabi/4.8.4/../../../../arm-none-eabi/lib/armv7-m\libc.a(lib_a-mlock.o)
 .ARM.attributes
                0x000009f2       0x2d c:/program files (x86)/atmel/atmel toolchain/arm gcc/native/4.8.1443/arm-gnu-toolchain/bin/../lib/gcc/arm-none-eabi/4.8.4/../../../../arm-none-eabi/lib/armv7-m\libc.a(lib_a-reallocr.o)
 .ARM.attributes
                0x00000a1f       0x2d c:/program files (x86)/atmel/atmel toolchain/arm gcc/native/4.8.1443/arm-gnu-toolchain/bin/../lib/gcc/arm-none-eabi/4.8.4/../../../../arm-none-eabi/lib/armv7-m\libc.a(lib_a-sbrkr.o)
 .ARM.attributes
                0x00000a4c       0x2d c:/program files (x86)/atmel/atmel toolchain/arm gcc/native/4.8.1443/arm-gnu-toolchain/bin/../lib/gcc/arm-none-eabi/4.8.4/../../../../arm-none-eabi/lib/armv7-m\libc.a(lib_a-stdio.o)
 .ARM.attributes
                0x00000a79       0x2d c:/program files (x86)/atmel/atmel toolchain/arm gcc/native/4.8.1443/arm-gnu-toolchain/bin/../lib/gcc/arm-none-eabi/4.8.4/../../../../arm-none-eabi/lib/armv7-m\libc.a(lib_a-wbuf.o)
 .ARM.attributes
                0x00000aa6       0x2d c:/program files (x86)/atmel/atmel toolchain/arm gcc/native/4.8.1443/arm-gnu-toolchain/bin/../lib/gcc/arm-none-eabi/4.8.4/../../../../arm-none-eabi/lib/armv7-m\libc.a(lib_a-wcrtomb.o)
 .ARM.attributes
                0x00000ad3       0x2d c:/program files (x86)/atmel/atmel toolchain/arm gcc/native/4.8.1443/arm-gnu-toolchain/bin/../lib/gcc/arm-none-eabi/4.8.4/../../../../arm-none-eabi/lib/armv7-m\libc.a(lib_a-wctomb_r.o)
 .ARM.attributes
                0x00000b00       0x2d c:/program files (x86)/atmel/atmel toolchain/arm gcc/native/4.8.1443/arm-gnu-toolchain/bin/../lib/gcc/arm-none-eabi/4.8.4/../../../../arm-none-eabi/lib/armv7-m\libc.a(lib_a-writer.o)
 .ARM.attributes
                0x00000b2d       0x2d c:/program files (x86)/atmel/atmel toolchain/arm gcc/native/4.8.1443/arm-gnu-toolchain/bin/../lib/gcc/arm-none-eabi/4.8.4/../../../../arm-none-eabi/lib/armv7-m\libc.a(lib_a-__atexit.o)
 .ARM.attributes
                0x00000b5a       0x2d c:/program files (x86)/atmel/atmel toolchain/arm gcc/native/4.8.1443/arm-gnu-toolchain/bin/../lib/gcc/arm-none-eabi/4.8.4/../../../../arm-none-eabi/lib/armv7-m\libc.a(lib_a-closer.o)
 .ARM.attributes
                0x00000b87       0x2d c:/program files (x86)/atmel/atmel toolchain/arm gcc/native/4.8.1443/arm-gnu-toolchain/bin/../lib/gcc/arm-none-eabi/4.8.4/../../../../arm-none-eabi/lib/armv7-m\libc.a(lib_a-fclose.o)
 .ARM.attributes
                0x00000bb4       0x2d c:/program files (x86)/atmel/atmel toolchain/arm gcc/native/4.8.1443/arm-gnu-toolchain/bin/../lib/gcc/arm-none-eabi/4.8.4/../../../../arm-none-eabi/lib/armv7-m\libc.a(lib_a-fstatr.o)
 .ARM.attributes
                0x00000be1       0x2d c:/program files (x86)/atmel/atmel toolchain/arm gcc/native/4.8.1443/arm-gnu-toolchain/bin/../lib/gcc/arm-none-eabi/4.8.4/../../../../arm-none-eabi/lib/armv7-m\libc.a(lib_a-isattyr.o)
 .ARM.attributes
                0x00000c0e       0x2d c:/program files (x86)/atmel/atmel toolchain/arm gcc/native/4.8.1443/arm-gnu-toolchain/bin/../lib/gcc/arm-none-eabi/4.8.4/../../../../arm-none-eabi/lib/armv7-m\libc.a(lib_a-lseekr.o)
 .ARM.attributes
                0x00000c3b       0x2d c:/program files (x86)/atmel/atmel toolchain/arm gcc/native/4.8.1443/arm-gnu-toolchain/bin/../lib/gcc/arm-none-eabi/4.8.4/../../../../arm-none-eabi/lib/armv7-m\libc.a(lib_a-readr.o)
 .ARM.attributes
                0x00000c68       0x2d c:/program files (x86)/atmel/atmel toolchain/arm gcc/native/4.8.1443/arm-gnu-toolchain/bin/../lib/gcc/arm-none-eabi/4.8.4/../../../../arm-none-eabi/lib/armv7-m\libc.a(lib_a-reent.o)
 .ARM.attributes
                0x00000c95       0x1d c:/program files (x86)/atmel/atmel toolchain/arm gcc/native/4.8.1443/arm-gnu-toolchain/bin/../lib/gcc/arm-none-eabi/4.8.4/armv7-m\libgcc.a(_aeabi_uldivmod.o)
 .ARM.attributes
                0x00000cb2       0x2d c:/program files (x86)/atmel/atmel toolchain/arm gcc/native/4.8.1443/arm-gnu-toolchain/bin/../lib/gcc/arm-none-eabi/4.8.4/armv7-m\libgcc.a(bpabi.o)
 .ARM.attributes
                0x00000cdf       0x1d c:/program files (x86)/atmel/atmel toolchain/arm gcc/native/4.8.1443/arm-gnu-toolchain/bin/../lib/gcc/arm-none-eabi/4.8.4/armv7-m\libgcc.a(_dvmd_tls.o)
 .ARM.attributes
                0x00000cfc       0x2d c:/program files (x86)/atmel/atmel toolchain/arm gcc/native/4.8.1443/arm-gnu-toolchain/bin/../lib/gcc/arm-none-eabi/4.8.4/armv7-m\libgcc.a(_divdi3.o)
 .ARM.attributes
                0x00000d29       0x2d c:/program files (x86)/atmel/atmel toolchain/arm gcc/native/4.8.1443/arm-gnu-toolchain/bin/../lib/gcc/arm-none-eabi/4.8.4/armv7-m\libgcc.a(_udivdi3.o)
 .ARM.attributes
                0x00000d56       0x1d c:/program files (x86)/atmel/atmel toolchain/arm gcc/native/4.8.1443/arm-gnu-toolchain/bin/../lib/gcc/arm-none-eabi/4.8.4/armv7-m/crtn.o

.comment        0x00000000       0x5b
 .comment       0x00000000       0x5b src/consoleFunctions.o
                                 0x5c (size before relaxing)
 .comment       0x00000000       0x5c src/TaskLED.o
 .comment       0x00000000       0x5c src/ASF/thirdparty/freertos/freertos-7.3.0/source/list.o
 .comment       0x00000000       0x5c src/ASF/thirdparty/freertos/freertos-7.3.0/source/portable/gcc/sam/port.o
 .comment       0x00000000       0x5c src/ASF/thirdparty/freertos/freertos-7.3.0/source/portable/memmang/heap_4.o
 .comment       0x00000000       0x5c src/ASF/thirdparty/freertos/freertos-7.3.0/source/queue.o
 .comment       0x00000000       0x5c src/ASF/thirdparty/freertos/freertos-7.3.0/source/tasks.o
 .comment       0x00000000       0x5c src/ASF/thirdparty/freertos/freertos-7.3.0/source/timers.o
 .comment       0x00000000       0x5c src/ASF/thirdparty/wireless/addons/sio2host/uart/sio2host.o
 .comment       0x00000000       0x5c src/ASF/common/utils/stdio/read.o
 .comment       0x00000000       0x5c src/ASF/sam/drivers/usart/usart.o
 .comment       0x00000000       0x5c src/ASF/common/utils/stdio/write.o
 .comment       0x00000000       0x5c src/ASF/common/services/serial/usart_serial.o
 .comment       0x00000000       0x5c src/ASF/sam/drivers/uart/uart.o
 .comment       0x00000000       0x5c src/ASF/common/services/clock/sam3x/sysclk.o
 .comment       0x00000000       0x5c src/ASF/common/utils/interrupt/interrupt_sam_nvic.o
 .comment       0x00000000       0x5c src/ASF/sam/boards/arduino_due_x/init.o
 .comment       0x00000000       0x5c src/ASF/sam/drivers/pio/pio.o
 .comment       0x00000000       0x5c src/ASF/sam/drivers/pio/pio_handler.o
 .comment       0x00000000       0x5c src/ASF/sam/drivers/pmc/pmc.o
 .comment       0x00000000       0x5c src/ASF/sam/utils/cmsis/sam3x/source/templates/exceptions.o
 .comment       0x00000000       0x5c src/ASF/sam/utils/cmsis/sam3x/source/templates/gcc/startup_sam3x.o
 .comment       0x00000000       0x5c src/ASF/sam/utils/cmsis/sam3x/source/templates/system_sam3x.o
 .comment       0x00000000       0x5c src/ASF/sam/utils/syscalls/gcc/syscalls.o
 .comment       0x00000000       0x5c src/main.o

.debug_info     0x00000000     0xfd0f
 .debug_info    0x00000000     0x129e src/consoleFunctions.o
 .debug_info    0x0000129e      0xad0 src/TaskLED.o
 .debug_info    0x00001d6e      0x2b7 src/ASF/thirdparty/freertos/freertos-7.3.0/source/list.o
 .debug_info    0x00002025      0x3a0 src/ASF/thirdparty/freertos/freertos-7.3.0/source/portable/gcc/sam/port.o
 .debug_info    0x000023c5      0x38d src/ASF/thirdparty/freertos/freertos-7.3.0/source/portable/memmang/heap_4.o
 .debug_info    0x00002752      0xea7 src/ASF/thirdparty/freertos/freertos-7.3.0/source/queue.o
 .debug_info    0x000035f9     0x178e src/ASF/thirdparty/freertos/freertos-7.3.0/source/tasks.o
 .debug_info    0x00004d87      0xb44 src/ASF/thirdparty/freertos/freertos-7.3.0/source/timers.o
 .debug_info    0x000058cb     0x187d src/ASF/thirdparty/wireless/addons/sio2host/uart/sio2host.o
 .debug_info    0x00007148      0x1bb src/ASF/common/utils/stdio/read.o
 .debug_info    0x00007303     0x1bfa src/ASF/sam/drivers/usart/usart.o
 .debug_info    0x00008efd      0x1c0 src/ASF/common/utils/stdio/write.o
 .debug_info    0x000090bd      0x7c5 src/ASF/common/services/serial/usart_serial.o
 .debug_info    0x00009882      0x889 src/ASF/sam/drivers/uart/uart.o
 .debug_info    0x0000a10b      0x796 src/ASF/common/services/clock/sam3x/sysclk.o
 .debug_info    0x0000a8a1      0x1e8 src/ASF/common/utils/interrupt/interrupt_sam_nvic.o
 .debug_info    0x0000aa89      0x728 src/ASF/sam/boards/arduino_due_x/init.o
 .debug_info    0x0000b1b1     0x1385 src/ASF/sam/drivers/pio/pio.o
 .debug_info    0x0000c536      0xe52 src/ASF/sam/drivers/pio/pio_handler.o
 .debug_info    0x0000d388     0x1080 src/ASF/sam/drivers/pmc/pmc.o
 .debug_info    0x0000e408      0x124 src/ASF/sam/utils/cmsis/sam3x/source/templates/exceptions.o
 .debug_info    0x0000e52c      0x3bd src/ASF/sam/utils/cmsis/sam3x/source/templates/gcc/startup_sam3x.o
 .debug_info    0x0000e8e9      0x4c6 src/ASF/sam/utils/cmsis/sam3x/source/templates/system_sam3x.o
 .debug_info    0x0000edaf      0x43f src/ASF/sam/utils/syscalls/gcc/syscalls.o
 .debug_info    0x0000f1ee      0xb21 src/main.o

.debug_abbrev   0x00000000     0x3047
 .debug_abbrev  0x00000000      0x341 src/consoleFunctions.o
 .debug_abbrev  0x00000341      0x1e9 src/TaskLED.o
 .debug_abbrev  0x0000052a       0xfb src/ASF/thirdparty/freertos/freertos-7.3.0/source/list.o
 .debug_abbrev  0x00000625      0x246 src/ASF/thirdparty/freertos/freertos-7.3.0/source/portable/gcc/sam/port.o
 .debug_abbrev  0x0000086b      0x220 src/ASF/thirdparty/freertos/freertos-7.3.0/source/portable/memmang/heap_4.o
 .debug_abbrev  0x00000a8b      0x231 src/ASF/thirdparty/freertos/freertos-7.3.0/source/queue.o
 .debug_abbrev  0x00000cbc      0x2e0 src/ASF/thirdparty/freertos/freertos-7.3.0/source/tasks.o
 .debug_abbrev  0x00000f9c      0x261 src/ASF/thirdparty/freertos/freertos-7.3.0/source/timers.o
 .debug_abbrev  0x000011fd      0x3da src/ASF/thirdparty/wireless/addons/sio2host/uart/sio2host.o
 .debug_abbrev  0x000015d7      0x101 src/ASF/common/utils/stdio/read.o
 .debug_abbrev  0x000016d8      0x325 src/ASF/sam/drivers/usart/usart.o
 .debug_abbrev  0x000019fd       0xf5 src/ASF/common/utils/stdio/write.o
 .debug_abbrev  0x00001af2      0x1a8 src/ASF/common/services/serial/usart_serial.o
 .debug_abbrev  0x00001c9a      0x1bd src/ASF/sam/drivers/uart/uart.o
 .debug_abbrev  0x00001e57      0x227 src/ASF/common/services/clock/sam3x/sysclk.o
 .debug_abbrev  0x0000207e       0xef src/ASF/common/utils/interrupt/interrupt_sam_nvic.o
 .debug_abbrev  0x0000216d      0x16d src/ASF/sam/boards/arduino_due_x/init.o
 .debug_abbrev  0x000022da      0x2d5 src/ASF/sam/drivers/pio/pio.o
 .debug_abbrev  0x000025af      0x257 src/ASF/sam/drivers/pio/pio_handler.o
 .debug_abbrev  0x00002806      0x268 src/ASF/sam/drivers/pmc/pmc.o
 .debug_abbrev  0x00002a6e       0x8c src/ASF/sam/utils/cmsis/sam3x/source/templates/exceptions.o
 .debug_abbrev  0x00002afa      0x118 src/ASF/sam/utils/cmsis/sam3x/source/templates/gcc/startup_sam3x.o
 .debug_abbrev  0x00002c12      0x115 src/ASF/sam/utils/cmsis/sam3x/source/templates/system_sam3x.o
 .debug_abbrev  0x00002d27      0x14e src/ASF/sam/utils/syscalls/gcc/syscalls.o
 .debug_abbrev  0x00002e75      0x1d2 src/main.o

.debug_loc      0x00000000     0x75a1
 .debug_loc     0x00000000      0x28b src/consoleFunctions.o
 .debug_loc     0x0000028b       0x4d src/TaskLED.o
 .debug_loc     0x000002d8       0x91 src/ASF/thirdparty/freertos/freertos-7.3.0/source/list.o
 .debug_loc     0x00000369      0x100 src/ASF/thirdparty/freertos/freertos-7.3.0/source/portable/gcc/sam/port.o
 .debug_loc     0x00000469      0x371 src/ASF/thirdparty/freertos/freertos-7.3.0/source/portable/memmang/heap_4.o
 .debug_loc     0x000007da     0x10da src/ASF/thirdparty/freertos/freertos-7.3.0/source/queue.o
 .debug_loc     0x000018b4     0x1545 src/ASF/thirdparty/freertos/freertos-7.3.0/source/tasks.o
 .debug_loc     0x00002df9      0x9a4 src/ASF/thirdparty/freertos/freertos-7.3.0/source/timers.o
 .debug_loc     0x0000379d      0x4b5 src/ASF/thirdparty/wireless/addons/sio2host/uart/sio2host.o
 .debug_loc     0x00003c52       0xc5 src/ASF/common/utils/stdio/read.o
 .debug_loc     0x00003d17     0x128d src/ASF/sam/drivers/usart/usart.o
 .debug_loc     0x00004fa4      0x161 src/ASF/common/utils/stdio/write.o
 .debug_loc     0x00005105      0x2d1 src/ASF/common/services/serial/usart_serial.o
 .debug_loc     0x000053d6      0x236 src/ASF/sam/drivers/uart/uart.o
 .debug_loc     0x0000560c      0x12d src/ASF/common/services/clock/sam3x/sysclk.o
 .debug_loc     0x00005739       0x1e src/ASF/common/utils/interrupt/interrupt_sam_nvic.o
 .debug_loc     0x00005757       0x20 src/ASF/sam/boards/arduino_due_x/init.o
 .debug_loc     0x00005777      0xa83 src/ASF/sam/drivers/pio/pio.o
 .debug_loc     0x000061fa      0x53d src/ASF/sam/drivers/pio/pio_handler.o
 .debug_loc     0x00006737      0xc95 src/ASF/sam/drivers/pmc/pmc.o
 .debug_loc     0x000073cc       0x7e src/ASF/sam/utils/cmsis/sam3x/source/templates/gcc/startup_sam3x.o
 .debug_loc     0x0000744a      0x12b src/ASF/sam/utils/syscalls/gcc/syscalls.o
 .debug_loc     0x00007575       0x2c src/main.o

.debug_aranges  0x00000000      0xd18
 .debug_aranges
                0x00000000       0x30 src/consoleFunctions.o
 .debug_aranges
                0x00000030       0x20 src/TaskLED.o
 .debug_aranges
                0x00000050       0x40 src/ASF/thirdparty/freertos/freertos-7.3.0/source/list.o
 .debug_aranges
                0x00000090       0x80 src/ASF/thirdparty/freertos/freertos-7.3.0/source/portable/gcc/sam/port.o
 .debug_aranges
                0x00000110       0x40 src/ASF/thirdparty/freertos/freertos-7.3.0/source/portable/memmang/heap_4.o
 .debug_aranges
                0x00000150       0xc8 src/ASF/thirdparty/freertos/freertos-7.3.0/source/queue.o
 .debug_aranges
                0x00000218      0x130 src/ASF/thirdparty/freertos/freertos-7.3.0/source/tasks.o
 .debug_aranges
                0x00000348       0x60 src/ASF/thirdparty/freertos/freertos-7.3.0/source/timers.o
 .debug_aranges
                0x000003a8       0x60 src/ASF/thirdparty/wireless/addons/sio2host/uart/sio2host.o
 .debug_aranges
                0x00000408       0x20 src/ASF/common/utils/stdio/read.o
 .debug_aranges
                0x00000428      0x2a8 src/ASF/sam/drivers/usart/usart.o
 .debug_aranges
                0x000006d0       0x20 src/ASF/common/utils/stdio/write.o
 .debug_aranges
                0x000006f0       0x28 src/ASF/common/services/serial/usart_serial.o
 .debug_aranges
                0x00000718       0xe8 src/ASF/sam/drivers/uart/uart.o
 .debug_aranges
                0x00000800       0x40 src/ASF/common/services/clock/sam3x/sysclk.o
 .debug_aranges
                0x00000840       0x28 src/ASF/common/utils/interrupt/interrupt_sam_nvic.o
 .debug_aranges
                0x00000868       0x20 src/ASF/sam/boards/arduino_due_x/init.o
 .debug_aranges
                0x00000888      0x148 src/ASF/sam/drivers/pio/pio.o
 .debug_aranges
                0x000009d0       0x58 src/ASF/sam/drivers/pio/pio_handler.o
 .debug_aranges
                0x00000a28      0x200 src/ASF/sam/drivers/pmc/pmc.o
 .debug_aranges
                0x00000c28       0x20 src/ASF/sam/utils/cmsis/sam3x/source/templates/exceptions.o
 .debug_aranges
                0x00000c48       0x20 src/ASF/sam/utils/cmsis/sam3x/source/templates/gcc/startup_sam3x.o
 .debug_aranges
                0x00000c68       0x30 src/ASF/sam/utils/cmsis/sam3x/source/templates/system_sam3x.o
 .debug_aranges
                0x00000c98       0x60 src/ASF/sam/utils/syscalls/gcc/syscalls.o
 .debug_aranges
                0x00000cf8       0x20 src/main.o

.debug_ranges   0x00000000      0xc40
 .debug_ranges  0x00000000       0x20 src/consoleFunctions.o
 .debug_ranges  0x00000020       0x10 src/TaskLED.o
 .debug_ranges  0x00000030       0x30 src/ASF/thirdparty/freertos/freertos-7.3.0/source/list.o
 .debug_ranges  0x00000060       0x70 src/ASF/thirdparty/freertos/freertos-7.3.0/source/portable/gcc/sam/port.o
 .debug_ranges  0x000000d0       0x30 src/ASF/thirdparty/freertos/freertos-7.3.0/source/portable/memmang/heap_4.o
 .debug_ranges  0x00000100       0xb8 src/ASF/thirdparty/freertos/freertos-7.3.0/source/queue.o
 .debug_ranges  0x000001b8      0x168 src/ASF/thirdparty/freertos/freertos-7.3.0/source/tasks.o
 .debug_ranges  0x00000320       0xa8 src/ASF/thirdparty/freertos/freertos-7.3.0/source/timers.o
 .debug_ranges  0x000003c8       0x50 src/ASF/thirdparty/wireless/addons/sio2host/uart/sio2host.o
 .debug_ranges  0x00000418       0x10 src/ASF/common/utils/stdio/read.o
 .debug_ranges  0x00000428      0x298 src/ASF/sam/drivers/usart/usart.o
 .debug_ranges  0x000006c0       0x10 src/ASF/common/utils/stdio/write.o
 .debug_ranges  0x000006d0       0x30 src/ASF/common/services/serial/usart_serial.o
 .debug_ranges  0x00000700       0xd8 src/ASF/sam/drivers/uart/uart.o
 .debug_ranges  0x000007d8       0x30 src/ASF/common/services/clock/sam3x/sysclk.o
 .debug_ranges  0x00000808       0x18 src/ASF/common/utils/interrupt/interrupt_sam_nvic.o
 .debug_ranges  0x00000820       0x10 src/ASF/sam/boards/arduino_due_x/init.o
 .debug_ranges  0x00000830      0x138 src/ASF/sam/drivers/pio/pio.o
 .debug_ranges  0x00000968       0x48 src/ASF/sam/drivers/pio/pio_handler.o
 .debug_ranges  0x000009b0      0x1f0 src/ASF/sam/drivers/pmc/pmc.o
 .debug_ranges  0x00000ba0       0x10 src/ASF/sam/utils/cmsis/sam3x/source/templates/exceptions.o
 .debug_ranges  0x00000bb0       0x10 src/ASF/sam/utils/cmsis/sam3x/source/templates/gcc/startup_sam3x.o
 .debug_ranges  0x00000bc0       0x20 src/ASF/sam/utils/cmsis/sam3x/source/templates/system_sam3x.o
 .debug_ranges  0x00000be0       0x50 src/ASF/sam/utils/syscalls/gcc/syscalls.o
 .debug_ranges  0x00000c30       0x10 src/main.o

.debug_macro    0x00000000    0x18c01
 .debug_macro   0x00000000      0x6b4 src/consoleFunctions.o
 .debug_macro   0x000006b4       0x16 src/consoleFunctions.o
 .debug_macro   0x000006ca       0x97 src/consoleFunctions.o
 .debug_macro   0x00000761       0x10 src/consoleFunctions.o
 .debug_macro   0x00000771       0xef src/consoleFunctions.o
 .debug_macro   0x00000860       0x10 src/consoleFunctions.o
 .debug_macro   0x00000870       0x22 src/consoleFunctions.o
 .debug_macro   0x00000892       0xbd src/consoleFunctions.o
 .debug_macro   0x0000094f       0x16 src/consoleFunctions.o
 .debug_macro   0x00000965      0x16c src/consoleFunctions.o
 .debug_macro   0x00000ad1      0x644 src/consoleFunctions.o
 .debug_macro   0x00001115       0x76 src/consoleFunctions.o
 .debug_macro   0x0000118b       0x16 src/consoleFunctions.o
 .debug_macro   0x000011a1      0x6e4 src/consoleFunctions.o
 .debug_macro   0x00001885       0x20 src/consoleFunctions.o
 .debug_macro   0x000018a5       0x3a src/consoleFunctions.o
 .debug_macro   0x000018df       0x2d src/consoleFunctions.o
 .debug_macro   0x0000190c      0xbb1 src/consoleFunctions.o
 .debug_macro   0x000024bd      0xab6 src/consoleFunctions.o
 .debug_macro   0x00002f73      0x569 src/consoleFunctions.o
 .debug_macro   0x000034dc      0x2b5 src/consoleFunctions.o
 .debug_macro   0x00003791      0x31a src/consoleFunctions.o
 .debug_macro   0x00003aab      0x74f src/consoleFunctions.o
 .debug_macro   0x000041fa       0x82 src/consoleFunctions.o
 .debug_macro   0x0000427c      0x57b src/consoleFunctions.o
 .debug_macro   0x000047f7       0x1c src/consoleFunctions.o
 .debug_macro   0x00004813      0x6b7 src/consoleFunctions.o
 .debug_macro   0x00004eca      0x52d src/consoleFunctions.o
 .debug_macro   0x000053f7       0xbe src/consoleFunctions.o
 .debug_macro   0x000054b5     0x2342 src/consoleFunctions.o
 .debug_macro   0x000077f7      0x85d src/consoleFunctions.o
 .debug_macro   0x00008054      0xdc9 src/consoleFunctions.o
 .debug_macro   0x00008e1d       0x7c src/consoleFunctions.o
 .debug_macro   0x00008e99      0x263 src/consoleFunctions.o
 .debug_macro   0x000090fc       0x58 src/consoleFunctions.o
 .debug_macro   0x00009154      0x9a7 src/consoleFunctions.o
 .debug_macro   0x00009afb      0x248 src/consoleFunctions.o
 .debug_macro   0x00009d43      0x4df src/consoleFunctions.o
 .debug_macro   0x0000a222      0x6b3 src/consoleFunctions.o
 .debug_macro   0x0000a8d5      0x59f src/consoleFunctions.o
 .debug_macro   0x0000ae74       0x46 src/consoleFunctions.o
 .debug_macro   0x0000aeba      0x34d src/consoleFunctions.o
 .debug_macro   0x0000b207      0x28c src/consoleFunctions.o
 .debug_macro   0x0000b493     0x14d7 src/consoleFunctions.o
 .debug_macro   0x0000c96a      0x7ba src/consoleFunctions.o
 .debug_macro   0x0000d124       0x76 src/consoleFunctions.o
 .debug_macro   0x0000d19a       0x82 src/consoleFunctions.o
 .debug_macro   0x0000d21c       0x76 src/consoleFunctions.o
 .debug_macro   0x0000d292       0x4c src/consoleFunctions.o
 .debug_macro   0x0000d2de      0x105 src/consoleFunctions.o
 .debug_macro   0x0000d3e3      0x105 src/consoleFunctions.o
 .debug_macro   0x0000d4e8      0x105 src/consoleFunctions.o
 .debug_macro   0x0000d5ed       0x88 src/consoleFunctions.o
 .debug_macro   0x0000d675       0x88 src/consoleFunctions.o
 .debug_macro   0x0000d6fd      0x3b4 src/consoleFunctions.o
 .debug_macro   0x0000dab1       0xb8 src/consoleFunctions.o
 .debug_macro   0x0000db69       0xb8 src/consoleFunctions.o
 .debug_macro   0x0000dc21       0xb8 src/consoleFunctions.o
 .debug_macro   0x0000dcd9       0xb8 src/consoleFunctions.o
 .debug_macro   0x0000dd91      0x2b8 src/consoleFunctions.o
 .debug_macro   0x0000e049      0x125 src/consoleFunctions.o
 .debug_macro   0x0000e16e      0x225 src/consoleFunctions.o
 .debug_macro   0x0000e393      0x225 src/consoleFunctions.o
 .debug_macro   0x0000e5b8       0x2e src/consoleFunctions.o
 .debug_macro   0x0000e5e6       0xac src/consoleFunctions.o
 .debug_macro   0x0000e692      0x14d src/consoleFunctions.o
 .debug_macro   0x0000e7df       0x7c src/consoleFunctions.o
 .debug_macro   0x0000e85b      0x205 src/consoleFunctions.o
 .debug_macro   0x0000ea60       0x64 src/consoleFunctions.o
 .debug_macro   0x0000eac4       0xa6 src/consoleFunctions.o
 .debug_macro   0x0000eb6a       0x7c src/consoleFunctions.o
 .debug_macro   0x0000ebe6       0x16 src/consoleFunctions.o
 .debug_macro   0x0000ebfc       0x22 src/consoleFunctions.o
 .debug_macro   0x0000ec1e       0x22 src/consoleFunctions.o
 .debug_macro   0x0000ec40      0x115 src/consoleFunctions.o
 .debug_macro   0x0000ed55      0x115 src/consoleFunctions.o
 .debug_macro   0x0000ee6a      0x115 src/consoleFunctions.o
 .debug_macro   0x0000ef7f      0x115 src/consoleFunctions.o
 .debug_macro   0x0000f094       0x1c src/consoleFunctions.o
 .debug_macro   0x0000f0b0       0x2e src/consoleFunctions.o
 .debug_macro   0x0000f0de       0x22 src/consoleFunctions.o
 .debug_macro   0x0000f100       0x1c src/consoleFunctions.o
 .debug_macro   0x0000f11c       0x58 src/consoleFunctions.o
 .debug_macro   0x0000f174       0x10 src/consoleFunctions.o
 .debug_macro   0x0000f184      0x273 src/consoleFunctions.o
 .debug_macro   0x0000f3f7      0xd43 src/consoleFunctions.o
 .debug_macro   0x0001013a      0x131 src/consoleFunctions.o
 .debug_macro   0x0001026b       0x22 src/consoleFunctions.o
 .debug_macro   0x0001028d       0x16 src/consoleFunctions.o
 .debug_macro   0x000102a3       0x16 src/consoleFunctions.o
 .debug_macro   0x000102b9       0x29 src/consoleFunctions.o
 .debug_macro   0x000102e2       0x6e src/consoleFunctions.o
 .debug_macro   0x00010350       0x45 src/consoleFunctions.o
 .debug_macro   0x00010395      0x3ca src/consoleFunctions.o
 .debug_macro   0x0001075f       0x34 src/consoleFunctions.o
 .debug_macro   0x00010793      0x2a3 src/consoleFunctions.o
 .debug_macro   0x00010a36      0x790 src/consoleFunctions.o
 .debug_macro   0x000111c6       0x5e src/consoleFunctions.o
 .debug_macro   0x00011224       0x64 src/consoleFunctions.o
 .debug_macro   0x00011288       0x5f src/consoleFunctions.o
 .debug_macro   0x000112e7       0x90 src/consoleFunctions.o
 .debug_macro   0x00011377       0x1c src/consoleFunctions.o
 .debug_macro   0x00011393       0x2e src/consoleFunctions.o
 .debug_macro   0x000113c1       0x1c src/consoleFunctions.o
 .debug_macro   0x000113dd       0x28 src/consoleFunctions.o
 .debug_macro   0x00011405       0x23 src/consoleFunctions.o
 .debug_macro   0x00011428      0x100 src/consoleFunctions.o
 .debug_macro   0x00011528       0x16 src/consoleFunctions.o
 .debug_macro   0x0001153e       0x43 src/consoleFunctions.o
 .debug_macro   0x00011581       0x96 src/consoleFunctions.o
 .debug_macro   0x00011617       0x77 src/consoleFunctions.o
 .debug_macro   0x0001168e       0x5d src/consoleFunctions.o
 .debug_macro   0x000116eb       0x5b src/consoleFunctions.o
 .debug_macro   0x00011746       0x94 src/consoleFunctions.o
 .debug_macro   0x000117da       0x40 src/consoleFunctions.o
 .debug_macro   0x0001181a       0x70 src/consoleFunctions.o
 .debug_macro   0x0001188a       0x34 src/consoleFunctions.o
 .debug_macro   0x000118be       0x58 src/consoleFunctions.o
 .debug_macro   0x00011916      0x6b2 src/TaskLED.o
 .debug_macro   0x00011fc8       0x44 src/TaskLED.o
 .debug_macro   0x0001200c      0x209 src/TaskLED.o
 .debug_macro   0x00012215       0x1c src/TaskLED.o
 .debug_macro   0x00012231      0x13f src/ASF/thirdparty/freertos/freertos-7.3.0/source/list.o
 .debug_macro   0x00012370      0x10e src/ASF/thirdparty/freertos/freertos-7.3.0/source/list.o
 .debug_macro   0x0001247e       0x7f src/ASF/thirdparty/freertos/freertos-7.3.0/source/list.o
 .debug_macro   0x000124fd       0xfa src/ASF/thirdparty/freertos/freertos-7.3.0/source/list.o
 .debug_macro   0x000125f7      0x5ef src/ASF/thirdparty/freertos/freertos-7.3.0/source/portable/gcc/sam/port.o
 .debug_macro   0x00012be6       0x26 src/ASF/thirdparty/freertos/freertos-7.3.0/source/portable/gcc/sam/port.o
 .debug_macro   0x00012c0c      0x29d src/ASF/thirdparty/freertos/freertos-7.3.0/source/portable/gcc/sam/port.o
 .debug_macro   0x00012ea9      0x160 src/ASF/thirdparty/freertos/freertos-7.3.0/source/portable/memmang/heap_4.o
 .debug_macro   0x00013009      0x1fc src/ASF/thirdparty/freertos/freertos-7.3.0/source/queue.o
 .debug_macro   0x00013205      0x255 src/ASF/thirdparty/freertos/freertos-7.3.0/source/tasks.o
 .debug_macro   0x0001345a       0xe1 src/ASF/thirdparty/freertos/freertos-7.3.0/source/timers.o
 .debug_macro   0x0001353b      0x6bf src/ASF/thirdparty/wireless/addons/sio2host/uart/sio2host.o
 .debug_macro   0x00013bfa       0x40 src/ASF/thirdparty/wireless/addons/sio2host/uart/sio2host.o
 .debug_macro   0x00013c3a      0x4a9 src/ASF/common/utils/stdio/read.o
 .debug_macro   0x000140e3      0x4f4 src/ASF/sam/drivers/usart/usart.o
 .debug_macro   0x000145d7       0x28 src/ASF/sam/drivers/usart/usart.o
 .debug_macro   0x000145ff      0x4a9 src/ASF/common/utils/stdio/write.o
 .debug_macro   0x00014aa8      0x55c src/ASF/common/services/serial/usart_serial.o
 .debug_macro   0x00015004      0x4b8 src/ASF/sam/drivers/uart/uart.o
 .debug_macro   0x000154bc       0x16 src/ASF/sam/drivers/uart/uart.o
 .debug_macro   0x000154d2      0x529 src/ASF/common/services/clock/sam3x/sysclk.o
 .debug_macro   0x000159fb      0x4b3 src/ASF/common/utils/interrupt/interrupt_sam_nvic.o
 .debug_macro   0x00015eae       0x3f src/ASF/common/utils/interrupt/interrupt_sam_nvic.o
 .debug_macro   0x00015eed      0x568 src/ASF/sam/boards/arduino_due_x/init.o
 .debug_macro   0x00016455       0x6a src/ASF/sam/boards/arduino_due_x/init.o
 .debug_macro   0x000164bf      0x4c4 src/ASF/sam/drivers/pio/pio.o
 .debug_macro   0x00016983       0x8e src/ASF/sam/drivers/pio/pio.o
 .debug_macro   0x00016a11      0x4c8 src/ASF/sam/drivers/pio/pio_handler.o
 .debug_macro   0x00016ed9      0x4be src/ASF/sam/drivers/pmc/pmc.o
 .debug_macro   0x00017397       0x58 src/ASF/sam/drivers/pmc/pmc.o
 .debug_macro   0x000173ef      0x4bd src/ASF/sam/utils/cmsis/sam3x/source/templates/exceptions.o
 .debug_macro   0x000178ac      0x4cb src/ASF/sam/utils/cmsis/sam3x/source/templates/gcc/startup_sam3x.o
 .debug_macro   0x00017d77      0x4cb src/ASF/sam/utils/cmsis/sam3x/source/templates/system_sam3x.o
 .debug_macro   0x00018242      0x129 src/ASF/sam/utils/syscalls/gcc/syscalls.o
 .debug_macro   0x0001836b       0x52 src/ASF/sam/utils/syscalls/gcc/syscalls.o
 .debug_macro   0x000183bd       0x16 src/ASF/sam/utils/syscalls/gcc/syscalls.o
 .debug_macro   0x000183d3       0x10 src/ASF/sam/utils/syscalls/gcc/syscalls.o
 .debug_macro   0x000183e3       0x41 src/ASF/sam/utils/syscalls/gcc/syscalls.o
 .debug_macro   0x00018424      0x120 src/ASF/sam/utils/syscalls/gcc/syscalls.o
 .debug_macro   0x00018544      0x6bd src/main.o

.debug_line     0x00000000    0x12382
 .debug_line    0x00000000     0x10a3 src/consoleFunctions.o
 .debug_line    0x000010a3      0xfd2 src/TaskLED.o
 .debug_line    0x00002075      0x467 src/ASF/thirdparty/freertos/freertos-7.3.0/source/list.o
 .debug_line    0x000024dc      0xdcd src/ASF/thirdparty/freertos/freertos-7.3.0/source/portable/gcc/sam/port.o
 .debug_line    0x000032a9      0x4c2 src/ASF/thirdparty/freertos/freertos-7.3.0/source/portable/memmang/heap_4.o
 .debug_line    0x0000376b      0x7de src/ASF/thirdparty/freertos/freertos-7.3.0/source/queue.o